------------------------------------------------------------
Timing Analyzer Summary
------------------------------------------------------------

Type  : Slow 1200mV 85C Model Setup 'CLK'
Slack : -2.249
TNS   : -4.521

Type  : Slow 1200mV 85C Model Setup 'COUNTER_1_DIGIT:inst|count[3]'
Slack : -1.592
TNS   : -3.414

Type  : Slow 1200mV 85C Model Setup 'COUNTER_1_DIGIT:inst2|count[3]'
Slack : -0.170
TNS   : -0.481

Type  : Slow 1200mV 85C Model Hold 'COUNTER_1_DIGIT:inst|count[3]'
Slack : 0.339
TNS   : 0.000

Type  : Slow 1200mV 85C Model Hold 'CLK'
Slack : 0.340
TNS   : 0.000

Type  : Slow 1200mV 85C Model Hold 'COUNTER_1_DIGIT:inst2|count[3]'
Slack : 0.340
TNS   : 0.000

Type  : Slow 1200mV 85C Model Minimum Pulse Width 'CLK'
Slack : -3.000
TNS   : -8.612

Type  : Slow 1200mV 85C Model Minimum Pulse Width 'COUNTER_1_DIGIT:inst2|count[3]'
Slack : -1.403
TNS   : -5.612

Type  : Slow 1200mV 85C Model Minimum Pulse Width 'COUNTER_1_DIGIT:inst|count[3]'
Slack : -1.403
TNS   : -5.612

Type  : Slow 1200mV 0C Model Setup 'CLK'
Slack : -1.979
TNS   : -3.889

Type  : Slow 1200mV 0C Model Setup 'COUNTER_1_DIGIT:inst|count[3]'
Slack : -1.410
TNS   : -2.938

Type  : Slow 1200mV 0C Model Setup 'COUNTER_1_DIGIT:inst2|count[3]'
Slack : -0.069
TNS   : -0.177

Type  : Slow 1200mV 0C Model Hold 'CLK'
Slack : 0.305
TNS   : 0.000

Type  : Slow 1200mV 0C Model Hold 'COUNTER_1_DIGIT:inst2|count[3]'
Slack : 0.305
TNS   : 0.000

Type  : Slow 1200mV 0C Model Hold 'COUNTER_1_DIGIT:inst|count[3]'
Slack : 0.305
TNS   : 0.000

Type  : Slow 1200mV 0C Model Minimum Pulse Width 'CLK'
Slack : -3.000
TNS   : -8.612

Type  : Slow 1200mV 0C Model Minimum Pulse Width 'COUNTER_1_DIGIT:inst2|count[3]'
Slack : -1.403
TNS   : -5.612

Type  : Slow 1200mV 0C Model Minimum Pulse Width 'COUNTER_1_DIGIT:inst|count[3]'
Slack : -1.403
TNS   : -5.612

Type  : Fast 1200mV 0C Model Setup 'CLK'
Slack : -0.790
TNS   : -1.348

Type  : Fast 1200mV 0C Model Setup 'COUNTER_1_DIGIT:inst|count[3]'
Slack : -0.126
TNS   : -0.217

Type  : Fast 1200mV 0C Model Setup 'COUNTER_1_DIGIT:inst2|count[3]'
Slack : 0.496
TNS   : 0.000

Type  : Fast 1200mV 0C Model Hold 'COUNTER_1_DIGIT:inst|count[3]'
Slack : 0.145
TNS   : 0.000

Type  : Fast 1200mV 0C Model Hold 'COUNTER_1_DIGIT:inst2|count[3]'
Slack : 0.146
TNS   : 0.000

Type  : Fast 1200mV 0C Model Hold 'CLK'
Slack : 0.148
TNS   : 0.000

Type  : Fast 1200mV 0C Model Minimum Pulse Width 'CLK'
Slack : -3.000
TNS   : -7.116

Type  : Fast 1200mV 0C Model Minimum Pulse Width 'COUNTER_1_DIGIT:inst2|count[3]'
Slack : -1.000
TNS   : -4.000

Type  : Fast 1200mV 0C Model Minimum Pulse Width 'COUNTER_1_DIGIT:inst|count[3]'
Slack : -1.000
TNS   : -4.000

------------------------------------------------------------
