------------------------------------------------------------
Timing Analyzer Summary
------------------------------------------------------------

Type  : Slow 1200mV 85C Model Setup 'test_de10:inst|clk_25'
Slack : -9.571
TNS   : -235.347

Type  : Slow 1200mV 85C Model Setup 'CLK'
Slack : -4.723
TNS   : -130.913

Type  : Slow 1200mV 85C Model Setup 'COUNTER_1_SENARY:inst47|OUT_CLK'
Slack : -2.099
TNS   : -4.187

Type  : Slow 1200mV 85C Model Setup 'test_de10:inst|test_image:test|next_line'
Slack : -1.947
TNS   : -7.223

Type  : Slow 1200mV 85C Model Setup 'Timing_Reference_25MHz:inst8|tmp'
Slack : -1.901
TNS   : -238.997

Type  : Slow 1200mV 85C Model Setup 'COUNTER_1_DIGIT:inst19|count[3]'
Slack : -1.873
TNS   : -3.961

Type  : Slow 1200mV 85C Model Setup 'COUNTER_1_SENARY:inst48|OUT_CLK'
Slack : -1.864
TNS   : -3.865

Type  : Slow 1200mV 85C Model Setup 'COUNTER_1_DIGIT:inst16|count[3]'
Slack : -1.783
TNS   : -3.825

Type  : Slow 1200mV 85C Model Setup 'COUNTER_1_DIGIT:inst33|count[3]'
Slack : -1.770
TNS   : -3.677

Type  : Slow 1200mV 85C Model Setup 'Timing_Reference_1kHz:inst44|tmp'
Slack : -1.762
TNS   : -3.583

Type  : Slow 1200mV 85C Model Setup 'COUNTER_1_DIGIT:inst15|count[3]'
Slack : -1.738
TNS   : -3.696

Type  : Slow 1200mV 85C Model Setup 'COUNTER_1_DIGIT:inst27|count[3]'
Slack : -0.814
TNS   : -2.266

Type  : Slow 1200mV 85C Model Setup 'COUNTER_1_DIGIT:inst22|count[3]'
Slack : -0.336
TNS   : -0.943

Type  : Slow 1200mV 85C Model Setup 'COUNTER_1_DIGIT:inst37|count[3]'
Slack : -0.327
TNS   : -0.636

Type  : Slow 1200mV 85C Model Hold 'Timing_Reference_25MHz:inst8|tmp'
Slack : 0.271
TNS   : 0.000

Type  : Slow 1200mV 85C Model Hold 'test_de10:inst|clk_25'
Slack : 0.323
TNS   : 0.000

Type  : Slow 1200mV 85C Model Hold 'test_de10:inst|test_image:test|next_line'
Slack : 0.340
TNS   : 0.000

Type  : Slow 1200mV 85C Model Hold 'COUNTER_1_DIGIT:inst22|count[3]'
Slack : 0.347
TNS   : 0.000

Type  : Slow 1200mV 85C Model Hold 'COUNTER_1_DIGIT:inst27|count[3]'
Slack : 0.347
TNS   : 0.000

Type  : Slow 1200mV 85C Model Hold 'COUNTER_1_DIGIT:inst37|count[3]'
Slack : 0.347
TNS   : 0.000

Type  : Slow 1200mV 85C Model Hold 'COUNTER_1_DIGIT:inst15|count[3]'
Slack : 0.348
TNS   : 0.000

Type  : Slow 1200mV 85C Model Hold 'COUNTER_1_DIGIT:inst16|count[3]'
Slack : 0.348
TNS   : 0.000

Type  : Slow 1200mV 85C Model Hold 'COUNTER_1_DIGIT:inst19|count[3]'
Slack : 0.348
TNS   : 0.000

Type  : Slow 1200mV 85C Model Hold 'COUNTER_1_DIGIT:inst33|count[3]'
Slack : 0.348
TNS   : 0.000

Type  : Slow 1200mV 85C Model Hold 'COUNTER_1_SENARY:inst47|OUT_CLK'
Slack : 0.348
TNS   : 0.000

Type  : Slow 1200mV 85C Model Hold 'COUNTER_1_SENARY:inst48|OUT_CLK'
Slack : 0.348
TNS   : 0.000

Type  : Slow 1200mV 85C Model Hold 'Timing_Reference_1kHz:inst44|tmp'
Slack : 0.348
TNS   : 0.000

Type  : Slow 1200mV 85C Model Hold 'CLK'
Slack : 0.423
TNS   : 0.000

Type  : Slow 1200mV 85C Model Recovery 'Timing_Reference_25MHz:inst8|tmp'
Slack : -1.770
TNS   : -5.676

Type  : Slow 1200mV 85C Model Removal 'Timing_Reference_25MHz:inst8|tmp'
Slack : 1.657
TNS   : 0.000

Type  : Slow 1200mV 85C Model Minimum Pulse Width 'CLK'
Slack : -3.000
TNS   : -104.016

Type  : Slow 1200mV 85C Model Minimum Pulse Width 'Timing_Reference_25MHz:inst8|tmp'
Slack : -2.422
TNS   : -305.940

Type  : Slow 1200mV 85C Model Minimum Pulse Width 'test_de10:inst|clk_25'
Slack : -1.403
TNS   : -94.001

Type  : Slow 1200mV 85C Model Minimum Pulse Width 'COUNTER_1_DIGIT:inst22|count[3]'
Slack : -1.403
TNS   : -7.015

Type  : Slow 1200mV 85C Model Minimum Pulse Width 'COUNTER_1_DIGIT:inst27|count[3]'
Slack : -1.403
TNS   : -7.015

Type  : Slow 1200mV 85C Model Minimum Pulse Width 'COUNTER_1_DIGIT:inst15|count[3]'
Slack : -1.403
TNS   : -5.612

Type  : Slow 1200mV 85C Model Minimum Pulse Width 'COUNTER_1_DIGIT:inst16|count[3]'
Slack : -1.403
TNS   : -5.612

Type  : Slow 1200mV 85C Model Minimum Pulse Width 'COUNTER_1_DIGIT:inst19|count[3]'
Slack : -1.403
TNS   : -5.612

Type  : Slow 1200mV 85C Model Minimum Pulse Width 'COUNTER_1_DIGIT:inst33|count[3]'
Slack : -1.403
TNS   : -5.612

Type  : Slow 1200mV 85C Model Minimum Pulse Width 'COUNTER_1_DIGIT:inst37|count[3]'
Slack : -1.403
TNS   : -5.612

Type  : Slow 1200mV 85C Model Minimum Pulse Width 'COUNTER_1_SENARY:inst47|OUT_CLK'
Slack : -1.403
TNS   : -5.612

Type  : Slow 1200mV 85C Model Minimum Pulse Width 'COUNTER_1_SENARY:inst48|OUT_CLK'
Slack : -1.403
TNS   : -5.612

Type  : Slow 1200mV 85C Model Minimum Pulse Width 'Timing_Reference_1kHz:inst44|tmp'
Slack : -1.403
TNS   : -5.612

Type  : Slow 1200mV 85C Model Minimum Pulse Width 'test_de10:inst|test_image:test|next_line'
Slack : -1.403
TNS   : -5.612

Type  : Slow 1200mV 0C Model Setup 'test_de10:inst|clk_25'
Slack : -8.784
TNS   : -212.829

Type  : Slow 1200mV 0C Model Setup 'CLK'
Slack : -4.300
TNS   : -112.331

Type  : Slow 1200mV 0C Model Setup 'COUNTER_1_SENARY:inst47|OUT_CLK'
Slack : -1.844
TNS   : -3.611

Type  : Slow 1200mV 0C Model Setup 'test_de10:inst|test_image:test|next_line'
Slack : -1.756
TNS   : -6.399

Type  : Slow 1200mV 0C Model Setup 'COUNTER_1_SENARY:inst48|OUT_CLK'
Slack : -1.742
TNS   : -3.435

Type  : Slow 1200mV 0C Model Setup 'Timing_Reference_25MHz:inst8|tmp'
Slack : -1.670
TNS   : -209.929

Type  : Slow 1200mV 0C Model Setup 'COUNTER_1_DIGIT:inst19|count[3]'
Slack : -1.657
TNS   : -3.353

Type  : Slow 1200mV 0C Model Setup 'COUNTER_1_DIGIT:inst16|count[3]'
Slack : -1.576
TNS   : -3.281

Type  : Slow 1200mV 0C Model Setup 'COUNTER_1_DIGIT:inst33|count[3]'
Slack : -1.563
TNS   : -3.130

Type  : Slow 1200mV 0C Model Setup 'Timing_Reference_1kHz:inst44|tmp'
Slack : -1.551
TNS   : -3.072

Type  : Slow 1200mV 0C Model Setup 'COUNTER_1_DIGIT:inst15|count[3]'
Slack : -1.540
TNS   : -3.129

Type  : Slow 1200mV 0C Model Setup 'COUNTER_1_DIGIT:inst27|count[3]'
Slack : -0.703
TNS   : -1.741

Type  : Slow 1200mV 0C Model Setup 'COUNTER_1_DIGIT:inst22|count[3]'
Slack : -0.211
TNS   : -0.496

Type  : Slow 1200mV 0C Model Setup 'COUNTER_1_DIGIT:inst37|count[3]'
Slack : -0.207
TNS   : -0.314

Type  : Slow 1200mV 0C Model Hold 'Timing_Reference_25MHz:inst8|tmp'
Slack : 0.271
TNS   : 0.000

Type  : Slow 1200mV 0C Model Hold 'test_de10:inst|clk_25'
Slack : 0.290
TNS   : 0.000

Type  : Slow 1200mV 0C Model Hold 'test_de10:inst|test_image:test|next_line'
Slack : 0.306
TNS   : 0.000

Type  : Slow 1200mV 0C Model Hold 'COUNTER_1_DIGIT:inst27|count[3]'
Slack : 0.310
TNS   : 0.000

Type  : Slow 1200mV 0C Model Hold 'COUNTER_1_SENARY:inst47|OUT_CLK'
Slack : 0.310
TNS   : 0.000

Type  : Slow 1200mV 0C Model Hold 'COUNTER_1_DIGIT:inst15|count[3]'
Slack : 0.311
TNS   : 0.000

Type  : Slow 1200mV 0C Model Hold 'COUNTER_1_DIGIT:inst16|count[3]'
Slack : 0.311
TNS   : 0.000

Type  : Slow 1200mV 0C Model Hold 'COUNTER_1_DIGIT:inst19|count[3]'
Slack : 0.311
TNS   : 0.000

Type  : Slow 1200mV 0C Model Hold 'COUNTER_1_DIGIT:inst22|count[3]'
Slack : 0.311
TNS   : 0.000

Type  : Slow 1200mV 0C Model Hold 'COUNTER_1_DIGIT:inst33|count[3]'
Slack : 0.311
TNS   : 0.000

Type  : Slow 1200mV 0C Model Hold 'COUNTER_1_DIGIT:inst37|count[3]'
Slack : 0.311
TNS   : 0.000

Type  : Slow 1200mV 0C Model Hold 'COUNTER_1_SENARY:inst48|OUT_CLK'
Slack : 0.311
TNS   : 0.000

Type  : Slow 1200mV 0C Model Hold 'Timing_Reference_1kHz:inst44|tmp'
Slack : 0.311
TNS   : 0.000

Type  : Slow 1200mV 0C Model Hold 'CLK'
Slack : 0.391
TNS   : 0.000

Type  : Slow 1200mV 0C Model Recovery 'Timing_Reference_25MHz:inst8|tmp'
Slack : -1.536
TNS   : -4.902

Type  : Slow 1200mV 0C Model Removal 'Timing_Reference_25MHz:inst8|tmp'
Slack : 1.532
TNS   : 0.000

Type  : Slow 1200mV 0C Model Minimum Pulse Width 'CLK'
Slack : -3.000
TNS   : -104.016

Type  : Slow 1200mV 0C Model Minimum Pulse Width 'Timing_Reference_25MHz:inst8|tmp'
Slack : -2.333
TNS   : -294.904

Type  : Slow 1200mV 0C Model Minimum Pulse Width 'test_de10:inst|clk_25'
Slack : -1.403
TNS   : -94.001

Type  : Slow 1200mV 0C Model Minimum Pulse Width 'COUNTER_1_DIGIT:inst22|count[3]'
Slack : -1.403
TNS   : -7.015

Type  : Slow 1200mV 0C Model Minimum Pulse Width 'COUNTER_1_DIGIT:inst27|count[3]'
Slack : -1.403
TNS   : -7.015

Type  : Slow 1200mV 0C Model Minimum Pulse Width 'COUNTER_1_DIGIT:inst15|count[3]'
Slack : -1.403
TNS   : -5.612

Type  : Slow 1200mV 0C Model Minimum Pulse Width 'COUNTER_1_DIGIT:inst16|count[3]'
Slack : -1.403
TNS   : -5.612

Type  : Slow 1200mV 0C Model Minimum Pulse Width 'COUNTER_1_DIGIT:inst19|count[3]'
Slack : -1.403
TNS   : -5.612

Type  : Slow 1200mV 0C Model Minimum Pulse Width 'COUNTER_1_DIGIT:inst33|count[3]'
Slack : -1.403
TNS   : -5.612

Type  : Slow 1200mV 0C Model Minimum Pulse Width 'COUNTER_1_DIGIT:inst37|count[3]'
Slack : -1.403
TNS   : -5.612

Type  : Slow 1200mV 0C Model Minimum Pulse Width 'COUNTER_1_SENARY:inst47|OUT_CLK'
Slack : -1.403
TNS   : -5.612

Type  : Slow 1200mV 0C Model Minimum Pulse Width 'COUNTER_1_SENARY:inst48|OUT_CLK'
Slack : -1.403
TNS   : -5.612

Type  : Slow 1200mV 0C Model Minimum Pulse Width 'Timing_Reference_1kHz:inst44|tmp'
Slack : -1.403
TNS   : -5.612

Type  : Slow 1200mV 0C Model Minimum Pulse Width 'test_de10:inst|test_image:test|next_line'
Slack : -1.403
TNS   : -5.612

Type  : Fast 1200mV 0C Model Setup 'test_de10:inst|clk_25'
Slack : -3.779
TNS   : -74.147

Type  : Fast 1200mV 0C Model Setup 'CLK'
Slack : -1.509
TNS   : -15.000

Type  : Fast 1200mV 0C Model Setup 'Timing_Reference_1kHz:inst44|tmp'
Slack : -0.447
TNS   : -0.642

Type  : Fast 1200mV 0C Model Setup 'test_de10:inst|test_image:test|next_line'
Slack : -0.378
TNS   : -1.198

Type  : Fast 1200mV 0C Model Setup 'COUNTER_1_SENARY:inst47|OUT_CLK'
Slack : -0.339
TNS   : -0.676

Type  : Fast 1200mV 0C Model Setup 'Timing_Reference_25MHz:inst8|tmp'
Slack : -0.280
TNS   : -34.544

Type  : Fast 1200mV 0C Model Setup 'COUNTER_1_DIGIT:inst19|count[3]'
Slack : -0.276
TNS   : -0.517

Type  : Fast 1200mV 0C Model Setup 'COUNTER_1_DIGIT:inst16|count[3]'
Slack : -0.261
TNS   : -0.514

Type  : Fast 1200mV 0C Model Setup 'COUNTER_1_DIGIT:inst33|count[3]'
Slack : -0.253
TNS   : -0.485

Type  : Fast 1200mV 0C Model Setup 'COUNTER_1_SENARY:inst48|OUT_CLK'
Slack : -0.235
TNS   : -0.464

Type  : Fast 1200mV 0C Model Setup 'COUNTER_1_DIGIT:inst15|count[3]'
Slack : -0.231
TNS   : -0.405

Type  : Fast 1200mV 0C Model Setup 'COUNTER_1_DIGIT:inst27|count[3]'
Slack : 0.185
TNS   : 0.000

Type  : Fast 1200mV 0C Model Setup 'COUNTER_1_DIGIT:inst22|count[3]'
Slack : 0.414
TNS   : 0.000

Type  : Fast 1200mV 0C Model Setup 'COUNTER_1_DIGIT:inst37|count[3]'
Slack : 0.421
TNS   : 0.000

Type  : Fast 1200mV 0C Model Hold 'test_de10:inst|clk_25'
Slack : -0.169
TNS   : -0.304

Type  : Fast 1200mV 0C Model Hold 'Timing_Reference_25MHz:inst8|tmp'
Slack : 0.103
TNS   : 0.000

Type  : Fast 1200mV 0C Model Hold 'test_de10:inst|test_image:test|next_line'
Slack : 0.148
TNS   : 0.000

Type  : Fast 1200mV 0C Model Hold 'COUNTER_1_DIGIT:inst22|count[3]'
Slack : 0.150
TNS   : 0.000

Type  : Fast 1200mV 0C Model Hold 'COUNTER_1_DIGIT:inst15|count[3]'
Slack : 0.151
TNS   : 0.000

Type  : Fast 1200mV 0C Model Hold 'COUNTER_1_DIGIT:inst16|count[3]'
Slack : 0.151
TNS   : 0.000

Type  : Fast 1200mV 0C Model Hold 'COUNTER_1_DIGIT:inst19|count[3]'
Slack : 0.151
TNS   : 0.000

Type  : Fast 1200mV 0C Model Hold 'COUNTER_1_DIGIT:inst27|count[3]'
Slack : 0.151
TNS   : 0.000

Type  : Fast 1200mV 0C Model Hold 'COUNTER_1_DIGIT:inst33|count[3]'
Slack : 0.151
TNS   : 0.000

Type  : Fast 1200mV 0C Model Hold 'COUNTER_1_DIGIT:inst37|count[3]'
Slack : 0.151
TNS   : 0.000

Type  : Fast 1200mV 0C Model Hold 'COUNTER_1_SENARY:inst47|OUT_CLK'
Slack : 0.151
TNS   : 0.000

Type  : Fast 1200mV 0C Model Hold 'COUNTER_1_SENARY:inst48|OUT_CLK'
Slack : 0.151
TNS   : 0.000

Type  : Fast 1200mV 0C Model Hold 'Timing_Reference_1kHz:inst44|tmp'
Slack : 0.152
TNS   : 0.000

Type  : Fast 1200mV 0C Model Hold 'CLK'
Slack : 0.159
TNS   : 0.000

Type  : Fast 1200mV 0C Model Recovery 'Timing_Reference_25MHz:inst8|tmp'
Slack : -0.301
TNS   : -0.505

Type  : Fast 1200mV 0C Model Removal 'Timing_Reference_25MHz:inst8|tmp'
Slack : 0.744
TNS   : 0.000

Type  : Fast 1200mV 0C Model Minimum Pulse Width 'CLK'
Slack : -3.000
TNS   : -77.380

Type  : Fast 1200mV 0C Model Minimum Pulse Width 'Timing_Reference_25MHz:inst8|tmp'
Slack : -1.000
TNS   : -128.000

Type  : Fast 1200mV 0C Model Minimum Pulse Width 'test_de10:inst|clk_25'
Slack : -1.000
TNS   : -67.000

Type  : Fast 1200mV 0C Model Minimum Pulse Width 'COUNTER_1_DIGIT:inst22|count[3]'
Slack : -1.000
TNS   : -5.000

Type  : Fast 1200mV 0C Model Minimum Pulse Width 'COUNTER_1_DIGIT:inst27|count[3]'
Slack : -1.000
TNS   : -5.000

Type  : Fast 1200mV 0C Model Minimum Pulse Width 'COUNTER_1_DIGIT:inst15|count[3]'
Slack : -1.000
TNS   : -4.000

Type  : Fast 1200mV 0C Model Minimum Pulse Width 'COUNTER_1_DIGIT:inst16|count[3]'
Slack : -1.000
TNS   : -4.000

Type  : Fast 1200mV 0C Model Minimum Pulse Width 'COUNTER_1_DIGIT:inst19|count[3]'
Slack : -1.000
TNS   : -4.000

Type  : Fast 1200mV 0C Model Minimum Pulse Width 'COUNTER_1_DIGIT:inst33|count[3]'
Slack : -1.000
TNS   : -4.000

Type  : Fast 1200mV 0C Model Minimum Pulse Width 'COUNTER_1_DIGIT:inst37|count[3]'
Slack : -1.000
TNS   : -4.000

Type  : Fast 1200mV 0C Model Minimum Pulse Width 'COUNTER_1_SENARY:inst47|OUT_CLK'
Slack : -1.000
TNS   : -4.000

Type  : Fast 1200mV 0C Model Minimum Pulse Width 'COUNTER_1_SENARY:inst48|OUT_CLK'
Slack : -1.000
TNS   : -4.000

Type  : Fast 1200mV 0C Model Minimum Pulse Width 'Timing_Reference_1kHz:inst44|tmp'
Slack : -1.000
TNS   : -4.000

Type  : Fast 1200mV 0C Model Minimum Pulse Width 'test_de10:inst|test_image:test|next_line'
Slack : -1.000
TNS   : -4.000

------------------------------------------------------------
