------------------------------------------------------------
Timing Analyzer Summary
------------------------------------------------------------

Type  : Slow 1200mV 85C Model Setup 'clk'
Slack : -1.966
TNS   : -1.966

Type  : Slow 1200mV 85C Model Setup 'inst56'
Slack : -0.753
TNS   : -0.753

Type  : Slow 1200mV 85C Model Setup 'inst'
Slack : -0.513
TNS   : -0.513

Type  : Slow 1200mV 85C Model Setup 'inst59'
Slack : 0.298
TNS   : 0.000

Type  : Slow 1200mV 85C Model Hold 'inst59'
Slack : 0.393
TNS   : 0.000

Type  : Slow 1200mV 85C Model Hold 'inst'
Slack : 0.570
TNS   : 0.000

Type  : Slow 1200mV 85C Model Hold 'inst56'
Slack : 0.743
TNS   : 0.000

Type  : Slow 1200mV 85C Model Hold 'clk'
Slack : 1.801
TNS   : 0.000

Type  : Slow 1200mV 85C Model Minimum Pulse Width 'clk'
Slack : -3.000
TNS   : -4.403

Type  : Slow 1200mV 85C Model Minimum Pulse Width 'inst'
Slack : -1.403
TNS   : -1.403

Type  : Slow 1200mV 85C Model Minimum Pulse Width 'inst56'
Slack : -1.403
TNS   : -1.403

Type  : Slow 1200mV 85C Model Minimum Pulse Width 'inst59'
Slack : -1.403
TNS   : -1.403

Type  : Slow 1200mV 0C Model Setup 'clk'
Slack : -1.724
TNS   : -1.724

Type  : Slow 1200mV 0C Model Setup 'inst56'
Slack : -0.682
TNS   : -0.682

Type  : Slow 1200mV 0C Model Setup 'inst'
Slack : -0.440
TNS   : -0.440

Type  : Slow 1200mV 0C Model Setup 'inst59'
Slack : 0.361
TNS   : 0.000

Type  : Slow 1200mV 0C Model Hold 'inst59'
Slack : 0.354
TNS   : 0.000

Type  : Slow 1200mV 0C Model Hold 'inst'
Slack : 0.533
TNS   : 0.000

Type  : Slow 1200mV 0C Model Hold 'inst56'
Slack : 0.715
TNS   : 0.000

Type  : Slow 1200mV 0C Model Hold 'clk'
Slack : 1.615
TNS   : 0.000

Type  : Slow 1200mV 0C Model Minimum Pulse Width 'clk'
Slack : -3.000
TNS   : -4.403

Type  : Slow 1200mV 0C Model Minimum Pulse Width 'inst'
Slack : -1.403
TNS   : -1.403

Type  : Slow 1200mV 0C Model Minimum Pulse Width 'inst56'
Slack : -1.403
TNS   : -1.403

Type  : Slow 1200mV 0C Model Minimum Pulse Width 'inst59'
Slack : -1.403
TNS   : -1.403

Type  : Fast 1200mV 0C Model Setup 'clk'
Slack : -0.394
TNS   : -0.394

Type  : Fast 1200mV 0C Model Setup 'inst56'
Slack : 0.083
TNS   : 0.000

Type  : Fast 1200mV 0C Model Setup 'inst'
Slack : 0.137
TNS   : 0.000

Type  : Fast 1200mV 0C Model Setup 'inst59'
Slack : 0.693
TNS   : 0.000

Type  : Fast 1200mV 0C Model Hold 'inst59'
Slack : 0.169
TNS   : 0.000

Type  : Fast 1200mV 0C Model Hold 'inst'
Slack : 0.178
TNS   : 0.000

Type  : Fast 1200mV 0C Model Hold 'inst56'
Slack : 0.200
TNS   : 0.000

Type  : Fast 1200mV 0C Model Hold 'clk'
Slack : 0.592
TNS   : 0.000

Type  : Fast 1200mV 0C Model Minimum Pulse Width 'clk'
Slack : -3.000
TNS   : -4.083

Type  : Fast 1200mV 0C Model Minimum Pulse Width 'inst'
Slack : -1.000
TNS   : -1.000

Type  : Fast 1200mV 0C Model Minimum Pulse Width 'inst56'
Slack : -1.000
TNS   : -1.000

Type  : Fast 1200mV 0C Model Minimum Pulse Width 'inst59'
Slack : -1.000
TNS   : -1.000

------------------------------------------------------------
