Analysis & Synthesis report for main
Thu Jun 06 00:17:32 2024
Quartus Prime Version 18.1.0 Build 625 09/12/2018 SJ Lite Edition


---------------------
; Table of Contents ;
---------------------
  1. Legal Notice
  2. Analysis & Synthesis Summary
  3. Analysis & Synthesis Settings
  4. Parallel Compilation
  5. Analysis & Synthesis Source Files Read
  6. Analysis & Synthesis Resource Usage Summary
  7. Analysis & Synthesis Resource Utilization by Entity
  8. Analysis & Synthesis RAM Summary
  9. Analysis & Synthesis IP Cores Summary
 10. Registers Removed During Synthesis
 11. General Register Statistics
 12. Inverted Register Statistics
 13. Source assignments for ROM_256_8:inst3|altsyncram:altsyncram_component|altsyncram_uoq3:auto_generated
 14. Source assignments for ROM_256_8_DECRESCENTE:inst4|altsyncram:altsyncram_component|altsyncram_20s3:auto_generated
 15. Parameter Settings for User Entity Instance: ROM_256_8:inst3|altsyncram:altsyncram_component
 16. Parameter Settings for User Entity Instance: ROM_256_8_DECRESCENTE:inst4|altsyncram:altsyncram_component
 17. altsyncram Parameter Settings by Entity Instance
 18. Port Connectivity Checks: "COUNTER_2_HEXA:inst8|ADDER_8_BITS:add"
 19. Port Connectivity Checks: "PISO_8_BITS:inst6|LOAD_X_DESLOCAMENTO:ld0"
 20. Post-Synthesis Netlist Statistics for Top Partition
 21. Elapsed Time Per Partition
 22. Analysis & Synthesis Messages



----------------
; Legal Notice ;
----------------
Copyright (C) 2018  Intel Corporation. All rights reserved.
Your use of Intel Corporation's design tools, logic functions 
and other software and tools, and its AMPP partner logic 
functions, and any output files from any of the foregoing 
(including device programming or simulation files), and any 
associated documentation or information are expressly subject 
to the terms and conditions of the Intel Program License 
Subscription Agreement, the Intel Quartus Prime License Agreement,
the Intel FPGA IP License Agreement, or other applicable license
agreement, including, without limitation, that your use is for
the sole purpose of programming logic devices manufactured by
Intel and sold by Intel or its authorized distributors.  Please
refer to the applicable agreement for further details.



+----------------------------------------------------------------------------------+
; Analysis & Synthesis Summary                                                     ;
+------------------------------------+---------------------------------------------+
; Analysis & Synthesis Status        ; Successful - Thu Jun 06 00:17:32 2024       ;
; Quartus Prime Version              ; 18.1.0 Build 625 09/12/2018 SJ Lite Edition ;
; Revision Name                      ; main                                        ;
; Top-level Entity Name              ; main                                        ;
; Family                             ; MAX 10                                      ;
; Total logic elements               ; 192                                         ;
;     Total combinational functions  ; 173                                         ;
;     Dedicated logic registers      ; 104                                         ;
; Total registers                    ; 104                                         ;
; Total pins                         ; 47                                          ;
; Total virtual pins                 ; 0                                           ;
; Total memory bits                  ; 4,096                                       ;
; Embedded Multiplier 9-bit elements ; 0                                           ;
; Total PLLs                         ; 0                                           ;
; UFM blocks                         ; 0                                           ;
; ADC blocks                         ; 0                                           ;
+------------------------------------+---------------------------------------------+


+------------------------------------------------------------------------------------------------------------+
; Analysis & Synthesis Settings                                                                              ;
+------------------------------------------------------------------+--------------------+--------------------+
; Option                                                           ; Setting            ; Default Value      ;
+------------------------------------------------------------------+--------------------+--------------------+
; Device                                                           ; 10M50DAF484C7G     ;                    ;
; Top-level entity name                                            ; main               ; main               ;
; Family name                                                      ; MAX 10             ; Cyclone V          ;
; Use smart compilation                                            ; Off                ; Off                ;
; Enable parallel Assembler and Timing Analyzer during compilation ; On                 ; On                 ;
; Enable compact report table                                      ; Off                ; Off                ;
; Restructure Multiplexers                                         ; Auto               ; Auto               ;
; Create Debugging Nodes for IP Cores                              ; Off                ; Off                ;
; Preserve fewer node names                                        ; On                 ; On                 ;
; Intel FPGA IP Evaluation Mode                                    ; Enable             ; Enable             ;
; Verilog Version                                                  ; Verilog_2001       ; Verilog_2001       ;
; VHDL Version                                                     ; VHDL_1993          ; VHDL_1993          ;
; State Machine Processing                                         ; Auto               ; Auto               ;
; Safe State Machine                                               ; Off                ; Off                ;
; Extract Verilog State Machines                                   ; On                 ; On                 ;
; Extract VHDL State Machines                                      ; On                 ; On                 ;
; Ignore Verilog initial constructs                                ; Off                ; Off                ;
; Iteration limit for constant Verilog loops                       ; 5000               ; 5000               ;
; Iteration limit for non-constant Verilog loops                   ; 250                ; 250                ;
; Add Pass-Through Logic to Inferred RAMs                          ; On                 ; On                 ;
; Infer RAMs from Raw Logic                                        ; On                 ; On                 ;
; Parallel Synthesis                                               ; On                 ; On                 ;
; DSP Block Balancing                                              ; Auto               ; Auto               ;
; NOT Gate Push-Back                                               ; On                 ; On                 ;
; Power-Up Don't Care                                              ; On                 ; On                 ;
; Remove Redundant Logic Cells                                     ; Off                ; Off                ;
; Remove Duplicate Registers                                       ; On                 ; On                 ;
; Ignore CARRY Buffers                                             ; Off                ; Off                ;
; Ignore CASCADE Buffers                                           ; Off                ; Off                ;
; Ignore GLOBAL Buffers                                            ; Off                ; Off                ;
; Ignore ROW GLOBAL Buffers                                        ; Off                ; Off                ;
; Ignore LCELL Buffers                                             ; Off                ; Off                ;
; Ignore SOFT Buffers                                              ; On                 ; On                 ;
; Limit AHDL Integers to 32 Bits                                   ; Off                ; Off                ;
; Optimization Technique                                           ; Balanced           ; Balanced           ;
; Carry Chain Length                                               ; 70                 ; 70                 ;
; Auto Carry Chains                                                ; On                 ; On                 ;
; Auto Open-Drain Pins                                             ; On                 ; On                 ;
; Perform WYSIWYG Primitive Resynthesis                            ; Off                ; Off                ;
; Auto ROM Replacement                                             ; On                 ; On                 ;
; Auto RAM Replacement                                             ; On                 ; On                 ;
; Auto DSP Block Replacement                                       ; On                 ; On                 ;
; Auto Shift Register Replacement                                  ; Auto               ; Auto               ;
; Allow Shift Register Merging across Hierarchies                  ; Auto               ; Auto               ;
; Auto Clock Enable Replacement                                    ; On                 ; On                 ;
; Strict RAM Replacement                                           ; Off                ; Off                ;
; Allow Synchronous Control Signals                                ; On                 ; On                 ;
; Force Use of Synchronous Clear Signals                           ; Off                ; Off                ;
; Auto RAM Block Balancing                                         ; On                 ; On                 ;
; Auto RAM to Logic Cell Conversion                                ; Off                ; Off                ;
; Auto Resource Sharing                                            ; Off                ; Off                ;
; Allow Any RAM Size For Recognition                               ; Off                ; Off                ;
; Allow Any ROM Size For Recognition                               ; Off                ; Off                ;
; Allow Any Shift Register Size For Recognition                    ; Off                ; Off                ;
; Use LogicLock Constraints during Resource Balancing              ; On                 ; On                 ;
; Ignore translate_off and synthesis_off directives                ; Off                ; Off                ;
; Timing-Driven Synthesis                                          ; On                 ; On                 ;
; Report Parameter Settings                                        ; On                 ; On                 ;
; Report Source Assignments                                        ; On                 ; On                 ;
; Report Connectivity Checks                                       ; On                 ; On                 ;
; Ignore Maximum Fan-Out Assignments                               ; Off                ; Off                ;
; Synchronization Register Chain Length                            ; 2                  ; 2                  ;
; Power Optimization During Synthesis                              ; Normal compilation ; Normal compilation ;
; HDL message level                                                ; Level2             ; Level2             ;
; Suppress Register Optimization Related Messages                  ; Off                ; Off                ;
; Number of Removed Registers Reported in Synthesis Report         ; 5000               ; 5000               ;
; Number of Swept Nodes Reported in Synthesis Report               ; 5000               ; 5000               ;
; Number of Inverted Registers Reported in Synthesis Report        ; 100                ; 100                ;
; Clock MUX Protection                                             ; On                 ; On                 ;
; Auto Gated Clock Conversion                                      ; Off                ; Off                ;
; Block Design Naming                                              ; Auto               ; Auto               ;
; SDC constraint protection                                        ; Off                ; Off                ;
; Synthesis Effort                                                 ; Auto               ; Auto               ;
; Shift Register Replacement - Allow Asynchronous Clear Signal     ; On                 ; On                 ;
; Pre-Mapping Resynthesis Optimization                             ; Off                ; Off                ;
; Analysis & Synthesis Message Level                               ; Medium             ; Medium             ;
; Disable Register Merging Across Hierarchies                      ; Auto               ; Auto               ;
; Resource Aware Inference For Block RAM                           ; On                 ; On                 ;
+------------------------------------------------------------------+--------------------+--------------------+


+------------------------------------------+
; Parallel Compilation                     ;
+----------------------------+-------------+
; Processors                 ; Number      ;
+----------------------------+-------------+
; Number detected on machine ; 8           ;
; Maximum allowed            ; 4           ;
;                            ;             ;
; Average used               ; 1.00        ;
; Maximum used               ; 4           ;
;                            ;             ;
; Usage by Processor         ; % Time Used ;
;     Processor 1            ; 100.0%      ;
;     Processor 2            ;   0.0%      ;
;     Processors 3-4         ;   0.0%      ;
+----------------------------+-------------+


+-----------------------------------------------------------------------------------------------------------------------------------------------------------------------------------------------------------------------+
; Analysis & Synthesis Source Files Read                                                                                                                                                                                ;
+----------------------------------+-----------------+------------------------------------------+-------------------------------------------------------------------------------------------------------------+---------+
; File Name with User-Entered Path ; Used in Netlist ; File Type                                ; File Name with Absolute Path                                                                                ; Library ;
+----------------------------------+-----------------+------------------------------------------+-------------------------------------------------------------------------------------------------------------+---------+
; HEX_TO_7SEG_DECODER.bdf          ; yes             ; User Block Diagram/Schematic File        ; E:/Users/jhony/Documents/Jhony/Universidade/UTFPR/2024.1/Circuitos Digitais/Lab07/HEX_TO_7SEG_DECODER.bdf   ;         ;
; PISO_8_BITS.vhd                  ; yes             ; User VHDL File                           ; E:/Users/jhony/Documents/Jhony/Universidade/UTFPR/2024.1/Circuitos Digitais/Lab07/PISO_8_BITS.vhd           ;         ;
; SEQUENCE_DETECTOR.vhd            ; yes             ; User VHDL File                           ; E:/Users/jhony/Documents/Jhony/Universidade/UTFPR/2024.1/Circuitos Digitais/Lab07/SEQUENCE_DETECTOR.vhd     ;         ;
; ADDER_1_BIT.vhd                  ; yes             ; User VHDL File                           ; E:/Users/jhony/Documents/Jhony/Universidade/UTFPR/2024.1/Circuitos Digitais/Lab07/ADDER_1_BIT.vhd           ;         ;
; ADDER_4_BITS.vhd                 ; yes             ; User VHDL File                           ; E:/Users/jhony/Documents/Jhony/Universidade/UTFPR/2024.1/Circuitos Digitais/Lab07/ADDER_4_BITS.vhd          ;         ;
; ROM_256_8.vhd                    ; yes             ; User Wizard-Generated File               ; E:/Users/jhony/Documents/Jhony/Universidade/UTFPR/2024.1/Circuitos Digitais/Lab07/ROM_256_8.vhd             ;         ;
; COUNTER_2_HEXA.vhd               ; yes             ; User VHDL File                           ; E:/Users/jhony/Documents/Jhony/Universidade/UTFPR/2024.1/Circuitos Digitais/Lab07/COUNTER_2_HEXA.vhd        ;         ;
; ADDER_8_BITS.vhd                 ; yes             ; User VHDL File                           ; E:/Users/jhony/Documents/Jhony/Universidade/UTFPR/2024.1/Circuitos Digitais/Lab07/ADDER_8_BITS.vhd          ;         ;
; ROM_256_8_DECRESCENTE.vhd        ; yes             ; User Wizard-Generated File               ; E:/Users/jhony/Documents/Jhony/Universidade/UTFPR/2024.1/Circuitos Digitais/Lab07/ROM_256_8_DECRESCENTE.vhd ;         ;
; BARRAMENTO_2TO1.vhd              ; yes             ; User VHDL File                           ; E:/Users/jhony/Documents/Jhony/Universidade/UTFPR/2024.1/Circuitos Digitais/Lab07/BARRAMENTO_2TO1.vhd       ;         ;
; LOAD_X_DESLOCAMENTO.vhd          ; yes             ; User VHDL File                           ; E:/Users/jhony/Documents/Jhony/Universidade/UTFPR/2024.1/Circuitos Digitais/Lab07/LOAD_X_DESLOCAMENTO.vhd   ;         ;
; CLOCK_CTRL.vhd                   ; yes             ; User VHDL File                           ; E:/Users/jhony/Documents/Jhony/Universidade/UTFPR/2024.1/Circuitos Digitais/Lab07/CLOCK_CTRL.vhd            ;         ;
; Timing_Reference_32Hz.vhd        ; yes             ; User VHDL File                           ; E:/Users/jhony/Documents/Jhony/Universidade/UTFPR/2024.1/Circuitos Digitais/Lab07/Timing_Reference_32Hz.vhd ;         ;
; Timing_Reference_2Hz.vhd         ; yes             ; User VHDL File                           ; E:/Users/jhony/Documents/Jhony/Universidade/UTFPR/2024.1/Circuitos Digitais/Lab07/Timing_Reference_2Hz.vhd  ;         ;
; REGISTER_4_BITS.vhd              ; yes             ; User VHDL File                           ; E:/Users/jhony/Documents/Jhony/Universidade/UTFPR/2024.1/Circuitos Digitais/Lab07/REGISTER_4_BITS.vhd       ;         ;
; main.bdf                         ; yes             ; Auto-Found Block Diagram/Schematic File  ; E:/Users/jhony/Documents/Jhony/Universidade/UTFPR/2024.1/Circuitos Digitais/Lab07/main.bdf                  ;         ;
; altsyncram.tdf                   ; yes             ; Megafunction                             ; f:/intelfpga_lite/18.1/quartus/libraries/megafunctions/altsyncram.tdf                                       ;         ;
; stratix_ram_block.inc            ; yes             ; Megafunction                             ; f:/intelfpga_lite/18.1/quartus/libraries/megafunctions/stratix_ram_block.inc                                ;         ;
; lpm_mux.inc                      ; yes             ; Megafunction                             ; f:/intelfpga_lite/18.1/quartus/libraries/megafunctions/lpm_mux.inc                                          ;         ;
; lpm_decode.inc                   ; yes             ; Megafunction                             ; f:/intelfpga_lite/18.1/quartus/libraries/megafunctions/lpm_decode.inc                                       ;         ;
; aglobal181.inc                   ; yes             ; Megafunction                             ; f:/intelfpga_lite/18.1/quartus/libraries/megafunctions/aglobal181.inc                                       ;         ;
; a_rdenreg.inc                    ; yes             ; Megafunction                             ; f:/intelfpga_lite/18.1/quartus/libraries/megafunctions/a_rdenreg.inc                                        ;         ;
; altrom.inc                       ; yes             ; Megafunction                             ; f:/intelfpga_lite/18.1/quartus/libraries/megafunctions/altrom.inc                                           ;         ;
; altram.inc                       ; yes             ; Megafunction                             ; f:/intelfpga_lite/18.1/quartus/libraries/megafunctions/altram.inc                                           ;         ;
; altdpram.inc                     ; yes             ; Megafunction                             ; f:/intelfpga_lite/18.1/quartus/libraries/megafunctions/altdpram.inc                                         ;         ;
; db/altsyncram_uoq3.tdf           ; yes             ; Auto-Generated Megafunction              ; E:/Users/jhony/Documents/Jhony/Universidade/UTFPR/2024.1/Circuitos Digitais/Lab07/db/altsyncram_uoq3.tdf    ;         ;
; rom_256_8.hex                    ; yes             ; Auto-Found Memory Initialization File    ; E:/Users/jhony/Documents/Jhony/Universidade/UTFPR/2024.1/Circuitos Digitais/Lab07/rom_256_8.hex             ;         ;
; db/altsyncram_20s3.tdf           ; yes             ; Auto-Generated Megafunction              ; E:/Users/jhony/Documents/Jhony/Universidade/UTFPR/2024.1/Circuitos Digitais/Lab07/db/altsyncram_20s3.tdf    ;         ;
; rom_256_8_decrescente.hex        ; yes             ; Auto-Found Memory Initialization File    ; E:/Users/jhony/Documents/Jhony/Universidade/UTFPR/2024.1/Circuitos Digitais/Lab07/rom_256_8_decrescente.hex ;         ;
+----------------------------------+-----------------+------------------------------------------+-------------------------------------------------------------------------------------------------------------+---------+


+---------------------------------------------------------+
; Analysis & Synthesis Resource Usage Summary             ;
+---------------------------------------------+-----------+
; Resource                                    ; Usage     ;
+---------------------------------------------+-----------+
; Estimated Total logic elements              ; 192       ;
;                                             ;           ;
; Total combinational functions               ; 173       ;
; Logic element usage by number of LUT inputs ;           ;
;     -- 4 input functions                    ; 56        ;
;     -- 3 input functions                    ; 20        ;
;     -- <=2 input functions                  ; 97        ;
;                                             ;           ;
; Logic elements by mode                      ;           ;
;     -- normal mode                          ; 112       ;
;     -- arithmetic mode                      ; 61        ;
;                                             ;           ;
; Total registers                             ; 104       ;
;     -- Dedicated logic registers            ; 104       ;
;     -- I/O registers                        ; 0         ;
;                                             ;           ;
; I/O pins                                    ; 47        ;
; Total memory bits                           ; 4096      ;
;                                             ;           ;
; Embedded Multiplier 9-bit elements          ; 0         ;
;                                             ;           ;
; Maximum fan-out node                        ; CLK~input ;
; Maximum fan-out                             ; 65        ;
; Total fan-out                               ; 926       ;
; Average fan-out                             ; 2.39      ;
+---------------------------------------------+-----------+


+------------------------------------------------------------------------------------------------------------------------------------------------------------------------------------------------------------------------------------------------------------------------------------------------------------------------------------------+
; Analysis & Synthesis Resource Utilization by Entity                                                                                                                                                                                                                                                                                      ;
+-------------------------------------------+---------------------+---------------------------+-------------+------------+--------------+---------+-----------+------+--------------+------------+--------------------------------------------------------------------------------------------------+-----------------------+--------------+
; Compilation Hierarchy Node                ; Combinational ALUTs ; Dedicated Logic Registers ; Memory Bits ; UFM Blocks ; DSP Elements ; DSP 9x9 ; DSP 18x18 ; Pins ; Virtual Pins ; ADC blocks ; Full Hierarchy Name                                                                              ; Entity Name           ; Library Name ;
+-------------------------------------------+---------------------+---------------------------+-------------+------------+--------------+---------+-----------+------+--------------+------------+--------------------------------------------------------------------------------------------------+-----------------------+--------------+
; |main                                     ; 173 (1)             ; 104 (3)                   ; 4096        ; 0          ; 0            ; 0       ; 0         ; 47   ; 0            ; 0          ; |main                                                                                            ; main                  ; work         ;
;    |BARRAMENTO_2TO1:inst|                 ; 1 (1)               ; 0 (0)                     ; 0           ; 0          ; 0            ; 0       ; 0         ; 0    ; 0            ; 0          ; |main|BARRAMENTO_2TO1:inst                                                                       ; BARRAMENTO_2TO1       ; work         ;
;    |CLOCK_CTRL:inst12|                    ; 3 (3)               ; 0 (0)                     ; 0           ; 0          ; 0            ; 0       ; 0         ; 0    ; 0            ; 0          ; |main|CLOCK_CTRL:inst12                                                                          ; CLOCK_CTRL            ; work         ;
;    |COUNTER_2_HEXA:inst8|                 ; 10 (9)              ; 8 (8)                     ; 0           ; 0          ; 0            ; 0       ; 0         ; 0    ; 0            ; 0          ; |main|COUNTER_2_HEXA:inst8                                                                       ; COUNTER_2_HEXA        ; work         ;
;       |ADDER_8_BITS:add|                  ; 1 (0)               ; 0 (0)                     ; 0           ; 0          ; 0            ; 0       ; 0         ; 0    ; 0            ; 0          ; |main|COUNTER_2_HEXA:inst8|ADDER_8_BITS:add                                                      ; ADDER_8_BITS          ; work         ;
;          |ADDER_4_BITS:add1|              ; 1 (0)               ; 0 (0)                     ; 0           ; 0          ; 0            ; 0       ; 0         ; 0    ; 0            ; 0          ; |main|COUNTER_2_HEXA:inst8|ADDER_8_BITS:add|ADDER_4_BITS:add1                                    ; ADDER_4_BITS          ; work         ;
;             |ADDER_1_BIT:add2|            ; 1 (1)               ; 0 (0)                     ; 0           ; 0          ; 0            ; 0       ; 0         ; 0    ; 0            ; 0          ; |main|COUNTER_2_HEXA:inst8|ADDER_8_BITS:add|ADDER_4_BITS:add1|ADDER_1_BIT:add2                   ; ADDER_1_BIT           ; work         ;
;    |HEX_TO_7SEG_DECODER:inst13|           ; 7 (7)               ; 0 (0)                     ; 0           ; 0          ; 0            ; 0       ; 0         ; 0    ; 0            ; 0          ; |main|HEX_TO_7SEG_DECODER:inst13                                                                 ; HEX_TO_7SEG_DECODER   ; work         ;
;    |HEX_TO_7SEG_DECODER:inst14|           ; 7 (7)               ; 0 (0)                     ; 0           ; 0          ; 0            ; 0       ; 0         ; 0    ; 0            ; 0          ; |main|HEX_TO_7SEG_DECODER:inst14                                                                 ; HEX_TO_7SEG_DECODER   ; work         ;
;    |HEX_TO_7SEG_DECODER:inst15|           ; 7 (7)               ; 0 (0)                     ; 0           ; 0          ; 0            ; 0       ; 0         ; 0    ; 0            ; 0          ; |main|HEX_TO_7SEG_DECODER:inst15                                                                 ; HEX_TO_7SEG_DECODER   ; work         ;
;    |HEX_TO_7SEG_DECODER:inst16|           ; 7 (7)               ; 0 (0)                     ; 0           ; 0          ; 0            ; 0       ; 0         ; 0    ; 0            ; 0          ; |main|HEX_TO_7SEG_DECODER:inst16                                                                 ; HEX_TO_7SEG_DECODER   ; work         ;
;    |HEX_TO_7SEG_DECODER:inst17|           ; 7 (7)               ; 0 (0)                     ; 0           ; 0          ; 0            ; 0       ; 0         ; 0    ; 0            ; 0          ; |main|HEX_TO_7SEG_DECODER:inst17                                                                 ; HEX_TO_7SEG_DECODER   ; work         ;
;    |PISO_8_BITS:inst6|                    ; 8 (7)               ; 9 (9)                     ; 0           ; 0          ; 0            ; 0       ; 0         ; 0    ; 0            ; 0          ; |main|PISO_8_BITS:inst6                                                                          ; PISO_8_BITS           ; work         ;
;       |LOAD_X_DESLOCAMENTO:ld0|           ; 1 (1)               ; 0 (0)                     ; 0           ; 0          ; 0            ; 0       ; 0         ; 0    ; 0            ; 0          ; |main|PISO_8_BITS:inst6|LOAD_X_DESLOCAMENTO:ld0                                                  ; LOAD_X_DESLOCAMENTO   ; work         ;
;    |REGISTER_4_BITS:inst27|               ; 0 (0)               ; 4 (4)                     ; 0           ; 0          ; 0            ; 0       ; 0         ; 0    ; 0            ; 0          ; |main|REGISTER_4_BITS:inst27                                                                     ; REGISTER_4_BITS       ; work         ;
;    |REGISTER_4_BITS:inst28|               ; 0 (0)               ; 4 (4)                     ; 0           ; 0          ; 0            ; 0       ; 0         ; 0    ; 0            ; 0          ; |main|REGISTER_4_BITS:inst28                                                                     ; REGISTER_4_BITS       ; work         ;
;    |REGISTER_4_BITS:inst29|               ; 0 (0)               ; 4 (4)                     ; 0           ; 0          ; 0            ; 0       ; 0         ; 0    ; 0            ; 0          ; |main|REGISTER_4_BITS:inst29                                                                     ; REGISTER_4_BITS       ; work         ;
;    |REGISTER_4_BITS:inst30|               ; 0 (0)               ; 4 (4)                     ; 0           ; 0          ; 0            ; 0       ; 0         ; 0    ; 0            ; 0          ; |main|REGISTER_4_BITS:inst30                                                                     ; REGISTER_4_BITS       ; work         ;
;    |ROM_256_8:inst3|                      ; 0 (0)               ; 0 (0)                     ; 2048        ; 0          ; 0            ; 0       ; 0         ; 0    ; 0            ; 0          ; |main|ROM_256_8:inst3                                                                            ; ROM_256_8             ; work         ;
;       |altsyncram:altsyncram_component|   ; 0 (0)               ; 0 (0)                     ; 2048        ; 0          ; 0            ; 0       ; 0         ; 0    ; 0            ; 0          ; |main|ROM_256_8:inst3|altsyncram:altsyncram_component                                            ; altsyncram            ; work         ;
;          |altsyncram_uoq3:auto_generated| ; 0 (0)               ; 0 (0)                     ; 2048        ; 0          ; 0            ; 0       ; 0         ; 0    ; 0            ; 0          ; |main|ROM_256_8:inst3|altsyncram:altsyncram_component|altsyncram_uoq3:auto_generated             ; altsyncram_uoq3       ; work         ;
;    |ROM_256_8_DECRESCENTE:inst4|          ; 0 (0)               ; 0 (0)                     ; 2048        ; 0          ; 0            ; 0       ; 0         ; 0    ; 0            ; 0          ; |main|ROM_256_8_DECRESCENTE:inst4                                                                ; ROM_256_8_DECRESCENTE ; work         ;
;       |altsyncram:altsyncram_component|   ; 0 (0)               ; 0 (0)                     ; 2048        ; 0          ; 0            ; 0       ; 0         ; 0    ; 0            ; 0          ; |main|ROM_256_8_DECRESCENTE:inst4|altsyncram:altsyncram_component                                ; altsyncram            ; work         ;
;          |altsyncram_20s3:auto_generated| ; 0 (0)               ; 0 (0)                     ; 2048        ; 0          ; 0            ; 0       ; 0         ; 0    ; 0            ; 0          ; |main|ROM_256_8_DECRESCENTE:inst4|altsyncram:altsyncram_component|altsyncram_20s3:auto_generated ; altsyncram_20s3       ; work         ;
;    |SEQUENCE_DETECTOR:inst7|              ; 3 (3)               ; 3 (3)                     ; 0           ; 0          ; 0            ; 0       ; 0         ; 0    ; 0            ; 0          ; |main|SEQUENCE_DETECTOR:inst7                                                                    ; SEQUENCE_DETECTOR     ; work         ;
;    |Timing_Reference_2Hz:inst123|         ; 57 (57)             ; 33 (33)                   ; 0           ; 0          ; 0            ; 0       ; 0         ; 0    ; 0            ; 0          ; |main|Timing_Reference_2Hz:inst123                                                               ; Timing_Reference_2Hz  ; work         ;
;    |Timing_Reference_32Hz:inst234|        ; 55 (55)             ; 32 (32)                   ; 0           ; 0          ; 0            ; 0       ; 0         ; 0    ; 0            ; 0          ; |main|Timing_Reference_32Hz:inst234                                                              ; Timing_Reference_32Hz ; work         ;
+-------------------------------------------+---------------------+---------------------------+-------------+------------+--------------+---------+-----------+------+--------------+------------+--------------------------------------------------------------------------------------------------+-----------------------+--------------+
Note: For table entries with two numbers listed, the numbers in parentheses indicate the number of resources of the given type used by the specific entity alone. The numbers listed outside of parentheses indicate the total resources of the given type used by the specific entity and all of its sub-entities in the hierarchy.


+-----------------------------------------------------------------------------------------------------------------------------------------------------------------------------------------------------------------------+
; Analysis & Synthesis RAM Summary                                                                                                                                                                                      ;
+-------------------------------------------------------------------------------------------------------+------+------+--------------+--------------+--------------+--------------+------+------------------------------+
; Name                                                                                                  ; Type ; Mode ; Port A Depth ; Port A Width ; Port B Depth ; Port B Width ; Size ; MIF                          ;
+-------------------------------------------------------------------------------------------------------+------+------+--------------+--------------+--------------+--------------+------+------------------------------+
; ROM_256_8:inst3|altsyncram:altsyncram_component|altsyncram_uoq3:auto_generated|ALTSYNCRAM             ; AUTO ; ROM  ; 256          ; 8            ; --           ; --           ; 2048 ; ../ROM_256_8.hex             ;
; ROM_256_8_DECRESCENTE:inst4|altsyncram:altsyncram_component|altsyncram_20s3:auto_generated|ALTSYNCRAM ; AUTO ; ROM  ; 256          ; 8            ; --           ; --           ; 2048 ; ../ROM_256_8_DECRESCENTE.hex ;
+-------------------------------------------------------------------------------------------------------+------+------+--------------+--------------+--------------+--------------+------+------------------------------+


+-------------------------------------------------------------------------------------------------------------------------------+
; Analysis & Synthesis IP Cores Summary                                                                                         ;
+--------+--------------+---------+--------------+--------------+-----------------------------------+---------------------------+
; Vendor ; IP Core Name ; Version ; Release Date ; License Type ; Entity Instance                   ; IP Include File           ;
+--------+--------------+---------+--------------+--------------+-----------------------------------+---------------------------+
; Altera ; ROM: 1-PORT  ; 18.1    ; N/A          ; N/A          ; |main|ROM_256_8:inst3             ; ROM_256_8.vhd             ;
; Altera ; ROM: 1-PORT  ; 18.1    ; N/A          ; N/A          ; |main|ROM_256_8_DECRESCENTE:inst4 ; ROM_256_8_DECRESCENTE.vhd ;
+--------+--------------+---------+--------------+--------------+-----------------------------------+---------------------------+


+--------------------------------------------------------------------------------------------+
; Registers Removed During Synthesis                                                         ;
+----------------------------------------+---------------------------------------------------+
; Register name                          ; Reason for Removal                                ;
+----------------------------------------+---------------------------------------------------+
; SEQUENCE_DETECTOR:inst7|estado[3]      ; Stuck at GND due to stuck port data_in            ;
; Timing_Reference_32Hz:inst234|count[0] ; Merged with Timing_Reference_2Hz:inst123|count[0] ;
; Total Number of Removed Registers = 2  ;                                                   ;
+----------------------------------------+---------------------------------------------------+


+------------------------------------------------------+
; General Register Statistics                          ;
+----------------------------------------------+-------+
; Statistic                                    ; Value ;
+----------------------------------------------+-------+
; Total registers                              ; 104   ;
; Number of registers using Synchronous Clear  ; 0     ;
; Number of registers using Synchronous Load   ; 7     ;
; Number of registers using Asynchronous Clear ; 1     ;
; Number of registers using Asynchronous Load  ; 0     ;
; Number of registers using Clock Enable       ; 0     ;
; Number of registers using Preset             ; 0     ;
+----------------------------------------------+-------+


+--------------------------------------------------+
; Inverted Register Statistics                     ;
+----------------------------------------+---------+
; Inverted Register                      ; Fan out ;
+----------------------------------------+---------+
; Timing_Reference_2Hz:inst123|count[0]  ; 4       ;
; Total number of inverted registers = 1 ;         ;
+----------------------------------------+---------+


+-------------------------------------------------------------------------------------------------------+
; Source assignments for ROM_256_8:inst3|altsyncram:altsyncram_component|altsyncram_uoq3:auto_generated ;
+---------------------------------+--------------------+------+-----------------------------------------+
; Assignment                      ; Value              ; From ; To                                      ;
+---------------------------------+--------------------+------+-----------------------------------------+
; OPTIMIZE_POWER_DURING_SYNTHESIS ; NORMAL_COMPILATION ; -    ; -                                       ;
+---------------------------------+--------------------+------+-----------------------------------------+


+-------------------------------------------------------------------------------------------------------------------+
; Source assignments for ROM_256_8_DECRESCENTE:inst4|altsyncram:altsyncram_component|altsyncram_20s3:auto_generated ;
+---------------------------------+--------------------+------+-----------------------------------------------------+
; Assignment                      ; Value              ; From ; To                                                  ;
+---------------------------------+--------------------+------+-----------------------------------------------------+
; OPTIMIZE_POWER_DURING_SYNTHESIS ; NORMAL_COMPILATION ; -    ; -                                                   ;
+---------------------------------+--------------------+------+-----------------------------------------------------+


+----------------------------------------------------------------------------------------------+
; Parameter Settings for User Entity Instance: ROM_256_8:inst3|altsyncram:altsyncram_component ;
+------------------------------------+----------------------+----------------------------------+
; Parameter Name                     ; Value                ; Type                             ;
+------------------------------------+----------------------+----------------------------------+
; BYTE_SIZE_BLOCK                    ; 8                    ; Untyped                          ;
; AUTO_CARRY_CHAINS                  ; ON                   ; AUTO_CARRY                       ;
; IGNORE_CARRY_BUFFERS               ; OFF                  ; IGNORE_CARRY                     ;
; AUTO_CASCADE_CHAINS                ; ON                   ; AUTO_CASCADE                     ;
; IGNORE_CASCADE_BUFFERS             ; OFF                  ; IGNORE_CASCADE                   ;
; WIDTH_BYTEENA                      ; 1                    ; Untyped                          ;
; OPERATION_MODE                     ; ROM                  ; Untyped                          ;
; WIDTH_A                            ; 8                    ; Signed Integer                   ;
; WIDTHAD_A                          ; 8                    ; Signed Integer                   ;
; NUMWORDS_A                         ; 256                  ; Signed Integer                   ;
; OUTDATA_REG_A                      ; CLOCK0               ; Untyped                          ;
; ADDRESS_ACLR_A                     ; NONE                 ; Untyped                          ;
; OUTDATA_ACLR_A                     ; NONE                 ; Untyped                          ;
; WRCONTROL_ACLR_A                   ; NONE                 ; Untyped                          ;
; INDATA_ACLR_A                      ; NONE                 ; Untyped                          ;
; BYTEENA_ACLR_A                     ; NONE                 ; Untyped                          ;
; WIDTH_B                            ; 1                    ; Signed Integer                   ;
; WIDTHAD_B                          ; 1                    ; Signed Integer                   ;
; NUMWORDS_B                         ; 0                    ; Signed Integer                   ;
; INDATA_REG_B                       ; CLOCK1               ; Untyped                          ;
; WRCONTROL_WRADDRESS_REG_B          ; CLOCK1               ; Untyped                          ;
; RDCONTROL_REG_B                    ; CLOCK1               ; Untyped                          ;
; ADDRESS_REG_B                      ; CLOCK1               ; Untyped                          ;
; OUTDATA_REG_B                      ; UNREGISTERED         ; Untyped                          ;
; BYTEENA_REG_B                      ; CLOCK1               ; Untyped                          ;
; INDATA_ACLR_B                      ; NONE                 ; Untyped                          ;
; WRCONTROL_ACLR_B                   ; NONE                 ; Untyped                          ;
; ADDRESS_ACLR_B                     ; NONE                 ; Untyped                          ;
; OUTDATA_ACLR_B                     ; NONE                 ; Untyped                          ;
; RDCONTROL_ACLR_B                   ; NONE                 ; Untyped                          ;
; BYTEENA_ACLR_B                     ; NONE                 ; Untyped                          ;
; WIDTH_BYTEENA_A                    ; 1                    ; Signed Integer                   ;
; WIDTH_BYTEENA_B                    ; 1                    ; Signed Integer                   ;
; RAM_BLOCK_TYPE                     ; AUTO                 ; Untyped                          ;
; BYTE_SIZE                          ; 8                    ; Signed Integer                   ;
; READ_DURING_WRITE_MODE_MIXED_PORTS ; DONT_CARE            ; Untyped                          ;
; READ_DURING_WRITE_MODE_PORT_A      ; NEW_DATA_NO_NBE_READ ; Untyped                          ;
; READ_DURING_WRITE_MODE_PORT_B      ; NEW_DATA_NO_NBE_READ ; Untyped                          ;
; INIT_FILE                          ; ../ROM_256_8.hex     ; Untyped                          ;
; INIT_FILE_LAYOUT                   ; PORT_A               ; Untyped                          ;
; MAXIMUM_DEPTH                      ; 0                    ; Signed Integer                   ;
; CLOCK_ENABLE_INPUT_A               ; BYPASS               ; Untyped                          ;
; CLOCK_ENABLE_INPUT_B               ; NORMAL               ; Untyped                          ;
; CLOCK_ENABLE_OUTPUT_A              ; BYPASS               ; Untyped                          ;
; CLOCK_ENABLE_OUTPUT_B              ; NORMAL               ; Untyped                          ;
; CLOCK_ENABLE_CORE_A                ; USE_INPUT_CLKEN      ; Untyped                          ;
; CLOCK_ENABLE_CORE_B                ; USE_INPUT_CLKEN      ; Untyped                          ;
; ENABLE_ECC                         ; FALSE                ; Untyped                          ;
; ECC_PIPELINE_STAGE_ENABLED         ; FALSE                ; Untyped                          ;
; WIDTH_ECCSTATUS                    ; 3                    ; Signed Integer                   ;
; DEVICE_FAMILY                      ; MAX 10               ; Untyped                          ;
; CBXI_PARAMETER                     ; altsyncram_uoq3      ; Untyped                          ;
+------------------------------------+----------------------+----------------------------------+
Note: In order to hide this table in the UI and the text report file, please set the "Show Parameter Settings in Synthesis Report" option in "Analysis and Synthesis Settings -> More Settings" to "Off".


+----------------------------------------------------------------------------------------------------------+
; Parameter Settings for User Entity Instance: ROM_256_8_DECRESCENTE:inst4|altsyncram:altsyncram_component ;
+------------------------------------+------------------------------+--------------------------------------+
; Parameter Name                     ; Value                        ; Type                                 ;
+------------------------------------+------------------------------+--------------------------------------+
; BYTE_SIZE_BLOCK                    ; 8                            ; Untyped                              ;
; AUTO_CARRY_CHAINS                  ; ON                           ; AUTO_CARRY                           ;
; IGNORE_CARRY_BUFFERS               ; OFF                          ; IGNORE_CARRY                         ;
; AUTO_CASCADE_CHAINS                ; ON                           ; AUTO_CASCADE                         ;
; IGNORE_CASCADE_BUFFERS             ; OFF                          ; IGNORE_CASCADE                       ;
; WIDTH_BYTEENA                      ; 1                            ; Untyped                              ;
; OPERATION_MODE                     ; ROM                          ; Untyped                              ;
; WIDTH_A                            ; 8                            ; Signed Integer                       ;
; WIDTHAD_A                          ; 8                            ; Signed Integer                       ;
; NUMWORDS_A                         ; 256                          ; Signed Integer                       ;
; OUTDATA_REG_A                      ; CLOCK0                       ; Untyped                              ;
; ADDRESS_ACLR_A                     ; NONE                         ; Untyped                              ;
; OUTDATA_ACLR_A                     ; NONE                         ; Untyped                              ;
; WRCONTROL_ACLR_A                   ; NONE                         ; Untyped                              ;
; INDATA_ACLR_A                      ; NONE                         ; Untyped                              ;
; BYTEENA_ACLR_A                     ; NONE                         ; Untyped                              ;
; WIDTH_B                            ; 1                            ; Signed Integer                       ;
; WIDTHAD_B                          ; 1                            ; Signed Integer                       ;
; NUMWORDS_B                         ; 0                            ; Signed Integer                       ;
; INDATA_REG_B                       ; CLOCK1                       ; Untyped                              ;
; WRCONTROL_WRADDRESS_REG_B          ; CLOCK1                       ; Untyped                              ;
; RDCONTROL_REG_B                    ; CLOCK1                       ; Untyped                              ;
; ADDRESS_REG_B                      ; CLOCK1                       ; Untyped                              ;
; OUTDATA_REG_B                      ; UNREGISTERED                 ; Untyped                              ;
; BYTEENA_REG_B                      ; CLOCK1                       ; Untyped                              ;
; INDATA_ACLR_B                      ; NONE                         ; Untyped                              ;
; WRCONTROL_ACLR_B                   ; NONE                         ; Untyped                              ;
; ADDRESS_ACLR_B                     ; NONE                         ; Untyped                              ;
; OUTDATA_ACLR_B                     ; NONE                         ; Untyped                              ;
; RDCONTROL_ACLR_B                   ; NONE                         ; Untyped                              ;
; BYTEENA_ACLR_B                     ; NONE                         ; Untyped                              ;
; WIDTH_BYTEENA_A                    ; 1                            ; Signed Integer                       ;
; WIDTH_BYTEENA_B                    ; 1                            ; Signed Integer                       ;
; RAM_BLOCK_TYPE                     ; AUTO                         ; Untyped                              ;
; BYTE_SIZE                          ; 8                            ; Signed Integer                       ;
; READ_DURING_WRITE_MODE_MIXED_PORTS ; DONT_CARE                    ; Untyped                              ;
; READ_DURING_WRITE_MODE_PORT_A      ; NEW_DATA_NO_NBE_READ         ; Untyped                              ;
; READ_DURING_WRITE_MODE_PORT_B      ; NEW_DATA_NO_NBE_READ         ; Untyped                              ;
; INIT_FILE                          ; ../ROM_256_8_DECRESCENTE.hex ; Untyped                              ;
; INIT_FILE_LAYOUT                   ; PORT_A                       ; Untyped                              ;
; MAXIMUM_DEPTH                      ; 0                            ; Signed Integer                       ;
; CLOCK_ENABLE_INPUT_A               ; BYPASS                       ; Untyped                              ;
; CLOCK_ENABLE_INPUT_B               ; NORMAL                       ; Untyped                              ;
; CLOCK_ENABLE_OUTPUT_A              ; BYPASS                       ; Untyped                              ;
; CLOCK_ENABLE_OUTPUT_B              ; NORMAL                       ; Untyped                              ;
; CLOCK_ENABLE_CORE_A                ; USE_INPUT_CLKEN              ; Untyped                              ;
; CLOCK_ENABLE_CORE_B                ; USE_INPUT_CLKEN              ; Untyped                              ;
; ENABLE_ECC                         ; FALSE                        ; Untyped                              ;
; ECC_PIPELINE_STAGE_ENABLED         ; FALSE                        ; Untyped                              ;
; WIDTH_ECCSTATUS                    ; 3                            ; Signed Integer                       ;
; DEVICE_FAMILY                      ; MAX 10                       ; Untyped                              ;
; CBXI_PARAMETER                     ; altsyncram_20s3              ; Untyped                              ;
+------------------------------------+------------------------------+--------------------------------------+
Note: In order to hide this table in the UI and the text report file, please set the "Show Parameter Settings in Synthesis Report" option in "Analysis and Synthesis Settings -> More Settings" to "Off".


+---------------------------------------------------------------------------------------------------------+
; altsyncram Parameter Settings by Entity Instance                                                        ;
+-------------------------------------------+-------------------------------------------------------------+
; Name                                      ; Value                                                       ;
+-------------------------------------------+-------------------------------------------------------------+
; Number of entity instances                ; 2                                                           ;
; Entity Instance                           ; ROM_256_8:inst3|altsyncram:altsyncram_component             ;
;     -- OPERATION_MODE                     ; ROM                                                         ;
;     -- WIDTH_A                            ; 8                                                           ;
;     -- NUMWORDS_A                         ; 256                                                         ;
;     -- OUTDATA_REG_A                      ; CLOCK0                                                      ;
;     -- WIDTH_B                            ; 1                                                           ;
;     -- NUMWORDS_B                         ; 0                                                           ;
;     -- ADDRESS_REG_B                      ; CLOCK1                                                      ;
;     -- OUTDATA_REG_B                      ; UNREGISTERED                                                ;
;     -- RAM_BLOCK_TYPE                     ; AUTO                                                        ;
;     -- READ_DURING_WRITE_MODE_MIXED_PORTS ; DONT_CARE                                                   ;
; Entity Instance                           ; ROM_256_8_DECRESCENTE:inst4|altsyncram:altsyncram_component ;
;     -- OPERATION_MODE                     ; ROM                                                         ;
;     -- WIDTH_A                            ; 8                                                           ;
;     -- NUMWORDS_A                         ; 256                                                         ;
;     -- OUTDATA_REG_A                      ; CLOCK0                                                      ;
;     -- WIDTH_B                            ; 1                                                           ;
;     -- NUMWORDS_B                         ; 0                                                           ;
;     -- ADDRESS_REG_B                      ; CLOCK1                                                      ;
;     -- OUTDATA_REG_B                      ; UNREGISTERED                                                ;
;     -- RAM_BLOCK_TYPE                     ; AUTO                                                        ;
;     -- READ_DURING_WRITE_MODE_MIXED_PORTS ; DONT_CARE                                                   ;
+-------------------------------------------+-------------------------------------------------------------+


+----------------------------------------------------------------------------------------------------------------+
; Port Connectivity Checks: "COUNTER_2_HEXA:inst8|ADDER_8_BITS:add"                                              ;
+------+--------+----------+-------------------------------------------------------------------------------------+
; Port ; Type   ; Severity ; Details                                                                             ;
+------+--------+----------+-------------------------------------------------------------------------------------+
; b    ; Input  ; Info     ; Stuck at GND                                                                        ;
; cin  ; Input  ; Info     ; Stuck at VCC                                                                        ;
; cout ; Output ; Info     ; Connected to dangling logic. Logic that only feeds a dangling port will be removed. ;
+------+--------+----------+-------------------------------------------------------------------------------------+


+-----------------------------------------------------------------------+
; Port Connectivity Checks: "PISO_8_BITS:inst6|LOAD_X_DESLOCAMENTO:ld0" ;
+------+-------+----------+---------------------------------------------+
; Port ; Type  ; Severity ; Details                                     ;
+------+-------+----------+---------------------------------------------+
; dq   ; Input ; Info     ; Stuck at GND                                ;
+------+-------+----------+---------------------------------------------+


+-----------------------------------------------------+
; Post-Synthesis Netlist Statistics for Top Partition ;
+-----------------------+-----------------------------+
; Type                  ; Count                       ;
+-----------------------+-----------------------------+
; boundary_port         ; 47                          ;
; cycloneiii_ff         ; 104                         ;
;     CLR               ; 1                           ;
;     SLD               ; 7                           ;
;     plain             ; 96                          ;
; cycloneiii_lcell_comb ; 174                         ;
;     arith             ; 61                          ;
;         2 data inputs ; 60                          ;
;         3 data inputs ; 1                           ;
;     normal            ; 113                         ;
;         0 data inputs ; 1                           ;
;         1 data inputs ; 5                           ;
;         2 data inputs ; 32                          ;
;         3 data inputs ; 19                          ;
;         4 data inputs ; 56                          ;
; cycloneiii_ram_block  ; 16                          ;
;                       ;                             ;
; Max LUT depth         ; 4.30                        ;
; Average LUT depth     ; 2.89                        ;
+-----------------------+-----------------------------+


+-------------------------------+
; Elapsed Time Per Partition    ;
+----------------+--------------+
; Partition Name ; Elapsed Time ;
+----------------+--------------+
; Top            ; 00:00:00     ;
+----------------+--------------+


+-------------------------------+
; Analysis & Synthesis Messages ;
+-------------------------------+
Info: *******************************************************************
Info: Running Quartus Prime Analysis & Synthesis
    Info: Version 18.1.0 Build 625 09/12/2018 SJ Lite Edition
    Info: Processing started: Thu Jun 06 00:17:18 2024
Info: Command: quartus_map --read_settings_files=on --write_settings_files=off main -c main
Warning (18236): Number of processors has not been specified which may cause overloading on shared machines.  Set the global assignment NUM_PARALLEL_PROCESSORS in your QSF to an appropriate value for best performance.
Info (20032): Parallel compilation is enabled and will use up to 4 processors
Info (12021): Found 1 design units, including 1 entities, in source file hex_to_7seg_decoder.bdf
    Info (12023): Found entity 1: HEX_TO_7SEG_DECODER
Info (12021): Found 2 design units, including 1 entities, in source file piso_8_bits.vhd
    Info (12022): Found design unit 1: PISO_8_BITS-func File: E:/Users/jhony/Documents/Jhony/Universidade/UTFPR/2024.1/Circuitos Digitais/Lab07/PISO_8_BITS.vhd Line: 13
    Info (12023): Found entity 1: PISO_8_BITS File: E:/Users/jhony/Documents/Jhony/Universidade/UTFPR/2024.1/Circuitos Digitais/Lab07/PISO_8_BITS.vhd Line: 4
Info (12021): Found 2 design units, including 1 entities, in source file sequence_detector.vhd
    Info (12022): Found design unit 1: SEQUENCE_DETECTOR-detect File: E:/Users/jhony/Documents/Jhony/Universidade/UTFPR/2024.1/Circuitos Digitais/Lab07/SEQUENCE_DETECTOR.vhd Line: 13
    Info (12023): Found entity 1: SEQUENCE_DETECTOR File: E:/Users/jhony/Documents/Jhony/Universidade/UTFPR/2024.1/Circuitos Digitais/Lab07/SEQUENCE_DETECTOR.vhd Line: 4
Info (12021): Found 2 design units, including 1 entities, in source file counter_1_hexa.vhd
    Info (12022): Found design unit 1: COUNTER_1_HEXA-count File: E:/Users/jhony/Documents/Jhony/Universidade/UTFPR/2024.1/Circuitos Digitais/Lab07/COUNTER_1_HEXA.vhd Line: 11
    Info (12023): Found entity 1: COUNTER_1_HEXA File: E:/Users/jhony/Documents/Jhony/Universidade/UTFPR/2024.1/Circuitos Digitais/Lab07/COUNTER_1_HEXA.vhd Line: 4
Info (12021): Found 2 design units, including 1 entities, in source file adder_1_bit.vhd
    Info (12022): Found design unit 1: ADDER_1_BIT-add File: E:/Users/jhony/Documents/Jhony/Universidade/UTFPR/2024.1/Circuitos Digitais/Lab07/ADDER_1_BIT.vhd Line: 11
    Info (12023): Found entity 1: ADDER_1_BIT File: E:/Users/jhony/Documents/Jhony/Universidade/UTFPR/2024.1/Circuitos Digitais/Lab07/ADDER_1_BIT.vhd Line: 4
Info (12021): Found 2 design units, including 1 entities, in source file adder_4_bits.vhd
    Info (12022): Found design unit 1: ADDER_4_BITS-add File: E:/Users/jhony/Documents/Jhony/Universidade/UTFPR/2024.1/Circuitos Digitais/Lab07/ADDER_4_BITS.vhd Line: 13
    Info (12023): Found entity 1: ADDER_4_BITS File: E:/Users/jhony/Documents/Jhony/Universidade/UTFPR/2024.1/Circuitos Digitais/Lab07/ADDER_4_BITS.vhd Line: 4
Info (12021): Found 2 design units, including 1 entities, in source file rom_256_8.vhd
    Info (12022): Found design unit 1: rom_256_8-SYN File: E:/Users/jhony/Documents/Jhony/Universidade/UTFPR/2024.1/Circuitos Digitais/Lab07/ROM_256_8.vhd Line: 52
    Info (12023): Found entity 1: ROM_256_8 File: E:/Users/jhony/Documents/Jhony/Universidade/UTFPR/2024.1/Circuitos Digitais/Lab07/ROM_256_8.vhd Line: 42
Info (12021): Found 2 design units, including 1 entities, in source file counter_2_hexa.vhd
    Info (12022): Found design unit 1: COUNTER_2_HEXA-count File: E:/Users/jhony/Documents/Jhony/Universidade/UTFPR/2024.1/Circuitos Digitais/Lab07/COUNTER_2_HEXA.vhd Line: 11
    Info (12023): Found entity 1: COUNTER_2_HEXA File: E:/Users/jhony/Documents/Jhony/Universidade/UTFPR/2024.1/Circuitos Digitais/Lab07/COUNTER_2_HEXA.vhd Line: 4
Info (12021): Found 2 design units, including 1 entities, in source file adder_8_bits.vhd
    Info (12022): Found design unit 1: ADDER_8_BITS-add File: E:/Users/jhony/Documents/Jhony/Universidade/UTFPR/2024.1/Circuitos Digitais/Lab07/ADDER_8_BITS.vhd Line: 13
    Info (12023): Found entity 1: ADDER_8_BITS File: E:/Users/jhony/Documents/Jhony/Universidade/UTFPR/2024.1/Circuitos Digitais/Lab07/ADDER_8_BITS.vhd Line: 4
Info (12021): Found 2 design units, including 1 entities, in source file rom_256_8_decrescente.vhd
    Info (12022): Found design unit 1: rom_256_8_decrescente-SYN File: E:/Users/jhony/Documents/Jhony/Universidade/UTFPR/2024.1/Circuitos Digitais/Lab07/ROM_256_8_DECRESCENTE.vhd Line: 52
    Info (12023): Found entity 1: ROM_256_8_DECRESCENTE File: E:/Users/jhony/Documents/Jhony/Universidade/UTFPR/2024.1/Circuitos Digitais/Lab07/ROM_256_8_DECRESCENTE.vhd Line: 42
Info (12021): Found 2 design units, including 1 entities, in source file barramento_2to1.vhd
    Info (12022): Found design unit 1: BARRAMENTO_2TO1-func File: E:/Users/jhony/Documents/Jhony/Universidade/UTFPR/2024.1/Circuitos Digitais/Lab07/BARRAMENTO_2TO1.vhd Line: 12
    Info (12023): Found entity 1: BARRAMENTO_2TO1 File: E:/Users/jhony/Documents/Jhony/Universidade/UTFPR/2024.1/Circuitos Digitais/Lab07/BARRAMENTO_2TO1.vhd Line: 4
Info (12021): Found 1 design units, including 1 entities, in source file tmp.bdf
    Info (12023): Found entity 1: tmp
Info (12021): Found 2 design units, including 1 entities, in source file load_x_deslocamento.vhd
    Info (12022): Found design unit 1: LOAD_X_DESLOCAMENTO-func File: E:/Users/jhony/Documents/Jhony/Universidade/UTFPR/2024.1/Circuitos Digitais/Lab07/LOAD_X_DESLOCAMENTO.vhd Line: 11
    Info (12023): Found entity 1: LOAD_X_DESLOCAMENTO File: E:/Users/jhony/Documents/Jhony/Universidade/UTFPR/2024.1/Circuitos Digitais/Lab07/LOAD_X_DESLOCAMENTO.vhd Line: 4
Info (12021): Found 2 design units, including 1 entities, in source file clock_ctrl.vhd
    Info (12022): Found design unit 1: CLOCK_CTRL-func File: E:/Users/jhony/Documents/Jhony/Universidade/UTFPR/2024.1/Circuitos Digitais/Lab07/CLOCK_CTRL.vhd Line: 15
    Info (12023): Found entity 1: CLOCK_CTRL File: E:/Users/jhony/Documents/Jhony/Universidade/UTFPR/2024.1/Circuitos Digitais/Lab07/CLOCK_CTRL.vhd Line: 4
Info (12021): Found 2 design units, including 1 entities, in source file timing_reference_1hz.vhd
    Info (12022): Found design unit 1: Timing_Reference_1Hz-freq_div File: E:/Users/jhony/Documents/Jhony/Universidade/UTFPR/2024.1/Circuitos Digitais/Lab07/Timing_Reference_1Hz.vhd Line: 13
    Info (12023): Found entity 1: Timing_Reference_1Hz File: E:/Users/jhony/Documents/Jhony/Universidade/UTFPR/2024.1/Circuitos Digitais/Lab07/Timing_Reference_1Hz.vhd Line: 5
Info (12021): Found 2 design units, including 1 entities, in source file timing_reference_8hz.vhd
    Info (12022): Found design unit 1: Timing_Reference_8Hz-freq_div File: E:/Users/jhony/Documents/Jhony/Universidade/UTFPR/2024.1/Circuitos Digitais/Lab07/Timing_Reference_8Hz.vhd Line: 13
    Info (12023): Found entity 1: Timing_Reference_8Hz File: E:/Users/jhony/Documents/Jhony/Universidade/UTFPR/2024.1/Circuitos Digitais/Lab07/Timing_Reference_8Hz.vhd Line: 5
Info (12021): Found 2 design units, including 1 entities, in source file timing_reference_4hz.vhd
    Info (12022): Found design unit 1: Timing_Reference_4Hz-freq_div File: E:/Users/jhony/Documents/Jhony/Universidade/UTFPR/2024.1/Circuitos Digitais/Lab07/Timing_Reference_4Hz.vhd Line: 13
    Info (12023): Found entity 1: Timing_Reference_4Hz File: E:/Users/jhony/Documents/Jhony/Universidade/UTFPR/2024.1/Circuitos Digitais/Lab07/Timing_Reference_4Hz.vhd Line: 5
Info (12021): Found 2 design units, including 1 entities, in source file timing_reference_32hz.vhd
    Info (12022): Found design unit 1: Timing_Reference_32Hz-freq_div File: E:/Users/jhony/Documents/Jhony/Universidade/UTFPR/2024.1/Circuitos Digitais/Lab07/Timing_Reference_32Hz.vhd Line: 13
    Info (12023): Found entity 1: Timing_Reference_32Hz File: E:/Users/jhony/Documents/Jhony/Universidade/UTFPR/2024.1/Circuitos Digitais/Lab07/Timing_Reference_32Hz.vhd Line: 5
Info (12021): Found 2 design units, including 1 entities, in source file timing_reference_16hz.vhd
    Info (12022): Found design unit 1: Timing_Reference_16Hz-freq_div File: E:/Users/jhony/Documents/Jhony/Universidade/UTFPR/2024.1/Circuitos Digitais/Lab07/Timing_Reference_16Hz.vhd Line: 13
    Info (12023): Found entity 1: Timing_Reference_16Hz File: E:/Users/jhony/Documents/Jhony/Universidade/UTFPR/2024.1/Circuitos Digitais/Lab07/Timing_Reference_16Hz.vhd Line: 5
Info (12021): Found 2 design units, including 1 entities, in source file timing_reference_2hz.vhd
    Info (12022): Found design unit 1: Timing_Reference_2Hz-freq_div File: E:/Users/jhony/Documents/Jhony/Universidade/UTFPR/2024.1/Circuitos Digitais/Lab07/Timing_Reference_2Hz.vhd Line: 13
    Info (12023): Found entity 1: Timing_Reference_2Hz File: E:/Users/jhony/Documents/Jhony/Universidade/UTFPR/2024.1/Circuitos Digitais/Lab07/Timing_Reference_2Hz.vhd Line: 5
Info (12021): Found 2 design units, including 1 entities, in source file register_4_bits.vhd
    Info (12022): Found design unit 1: REGISTER_4_BITS-func File: E:/Users/jhony/Documents/Jhony/Universidade/UTFPR/2024.1/Circuitos Digitais/Lab07/REGISTER_4_BITS.vhd Line: 13
    Info (12023): Found entity 1: REGISTER_4_BITS File: E:/Users/jhony/Documents/Jhony/Universidade/UTFPR/2024.1/Circuitos Digitais/Lab07/REGISTER_4_BITS.vhd Line: 5
Warning (12125): Using design file main.bdf, which is not specified as a design file for the current project, but contains definitions for 1 design units and 1 entities in project
    Info (12023): Found entity 1: main
Info (12127): Elaborating entity "main" for the top level hierarchy
Info (12128): Elaborating entity "HEX_TO_7SEG_DECODER" for hierarchy "HEX_TO_7SEG_DECODER:inst13"
Info (12128): Elaborating entity "REGISTER_4_BITS" for hierarchy "REGISTER_4_BITS:inst30"
Info (12128): Elaborating entity "CLOCK_CTRL" for hierarchy "CLOCK_CTRL:inst12"
Warning (10492): VHDL Process Statement warning at CLOCK_CTRL.vhd(22): signal "CONTINUE" is read inside the Process Statement but isn't in the Process Statement's sensitivity list File: E:/Users/jhony/Documents/Jhony/Universidade/UTFPR/2024.1/Circuitos Digitais/Lab07/CLOCK_CTRL.vhd Line: 22
Info (12128): Elaborating entity "Timing_Reference_2Hz" for hierarchy "Timing_Reference_2Hz:inst123"
Warning (10492): VHDL Process Statement warning at Timing_Reference_2Hz.vhd(28): signal "tmp" is read inside the Process Statement but isn't in the Process Statement's sensitivity list File: E:/Users/jhony/Documents/Jhony/Universidade/UTFPR/2024.1/Circuitos Digitais/Lab07/Timing_Reference_2Hz.vhd Line: 28
Info (12128): Elaborating entity "Timing_Reference_32Hz" for hierarchy "Timing_Reference_32Hz:inst234"
Warning (10492): VHDL Process Statement warning at Timing_Reference_32Hz.vhd(28): signal "tmp" is read inside the Process Statement but isn't in the Process Statement's sensitivity list File: E:/Users/jhony/Documents/Jhony/Universidade/UTFPR/2024.1/Circuitos Digitais/Lab07/Timing_Reference_32Hz.vhd Line: 28
Info (12128): Elaborating entity "SEQUENCE_DETECTOR" for hierarchy "SEQUENCE_DETECTOR:inst7"
Info (12128): Elaborating entity "PISO_8_BITS" for hierarchy "PISO_8_BITS:inst6"
Info (12128): Elaborating entity "LOAD_X_DESLOCAMENTO" for hierarchy "PISO_8_BITS:inst6|LOAD_X_DESLOCAMENTO:ld0" File: E:/Users/jhony/Documents/Jhony/Universidade/UTFPR/2024.1/Circuitos Digitais/Lab07/PISO_8_BITS.vhd Line: 33
Info (12128): Elaborating entity "BARRAMENTO_2TO1" for hierarchy "BARRAMENTO_2TO1:inst"
Warning (10492): VHDL Process Statement warning at BARRAMENTO_2TO1.vhd(17): signal "A" is read inside the Process Statement but isn't in the Process Statement's sensitivity list File: E:/Users/jhony/Documents/Jhony/Universidade/UTFPR/2024.1/Circuitos Digitais/Lab07/BARRAMENTO_2TO1.vhd Line: 17
Warning (10492): VHDL Process Statement warning at BARRAMENTO_2TO1.vhd(19): signal "B" is read inside the Process Statement but isn't in the Process Statement's sensitivity list File: E:/Users/jhony/Documents/Jhony/Universidade/UTFPR/2024.1/Circuitos Digitais/Lab07/BARRAMENTO_2TO1.vhd Line: 19
Info (12128): Elaborating entity "COUNTER_2_HEXA" for hierarchy "COUNTER_2_HEXA:inst8"
Warning (10036): Verilog HDL or VHDL warning at COUNTER_2_HEXA.vhd(13): object "trash" assigned a value but never read File: E:/Users/jhony/Documents/Jhony/Universidade/UTFPR/2024.1/Circuitos Digitais/Lab07/COUNTER_2_HEXA.vhd Line: 13
Warning (10492): VHDL Process Statement warning at COUNTER_2_HEXA.vhd(40): signal "count" is read inside the Process Statement but isn't in the Process Statement's sensitivity list File: E:/Users/jhony/Documents/Jhony/Universidade/UTFPR/2024.1/Circuitos Digitais/Lab07/COUNTER_2_HEXA.vhd Line: 40
Info (12128): Elaborating entity "ADDER_8_BITS" for hierarchy "COUNTER_2_HEXA:inst8|ADDER_8_BITS:add" File: E:/Users/jhony/Documents/Jhony/Universidade/UTFPR/2024.1/Circuitos Digitais/Lab07/COUNTER_2_HEXA.vhd Line: 25
Info (12128): Elaborating entity "ADDER_4_BITS" for hierarchy "COUNTER_2_HEXA:inst8|ADDER_8_BITS:add|ADDER_4_BITS:add1" File: E:/Users/jhony/Documents/Jhony/Universidade/UTFPR/2024.1/Circuitos Digitais/Lab07/ADDER_8_BITS.vhd Line: 26
Info (12128): Elaborating entity "ADDER_1_BIT" for hierarchy "COUNTER_2_HEXA:inst8|ADDER_8_BITS:add|ADDER_4_BITS:add1|ADDER_1_BIT:add1" File: E:/Users/jhony/Documents/Jhony/Universidade/UTFPR/2024.1/Circuitos Digitais/Lab07/ADDER_4_BITS.vhd Line: 24
Info (12128): Elaborating entity "ROM_256_8" for hierarchy "ROM_256_8:inst3"
Info (12128): Elaborating entity "altsyncram" for hierarchy "ROM_256_8:inst3|altsyncram:altsyncram_component" File: E:/Users/jhony/Documents/Jhony/Universidade/UTFPR/2024.1/Circuitos Digitais/Lab07/ROM_256_8.vhd Line: 59
Info (12130): Elaborated megafunction instantiation "ROM_256_8:inst3|altsyncram:altsyncram_component" File: E:/Users/jhony/Documents/Jhony/Universidade/UTFPR/2024.1/Circuitos Digitais/Lab07/ROM_256_8.vhd Line: 59
Info (12133): Instantiated megafunction "ROM_256_8:inst3|altsyncram:altsyncram_component" with the following parameter: File: E:/Users/jhony/Documents/Jhony/Universidade/UTFPR/2024.1/Circuitos Digitais/Lab07/ROM_256_8.vhd Line: 59
    Info (12134): Parameter "address_aclr_a" = "NONE"
    Info (12134): Parameter "address_aclr_b" = "NONE"
    Info (12134): Parameter "address_reg_b" = "CLOCK1"
    Info (12134): Parameter "byte_size" = "8"
    Info (12134): Parameter "byteena_aclr_a" = "UNUSED"
    Info (12134): Parameter "byteena_aclr_b" = "NONE"
    Info (12134): Parameter "byteena_reg_b" = "CLOCK1"
    Info (12134): Parameter "clock_enable_core_a" = "USE_INPUT_CLKEN"
    Info (12134): Parameter "clock_enable_core_b" = "USE_INPUT_CLKEN"
    Info (12134): Parameter "clock_enable_input_a" = "BYPASS"
    Info (12134): Parameter "clock_enable_input_b" = "NORMAL"
    Info (12134): Parameter "clock_enable_output_a" = "BYPASS"
    Info (12134): Parameter "clock_enable_output_b" = "NORMAL"
    Info (12134): Parameter "intended_device_family" = "MAX 10"
    Info (12134): Parameter "ecc_pipeline_stage_enabled" = "FALSE"
    Info (12134): Parameter "enable_ecc" = "FALSE"
    Info (12134): Parameter "implement_in_les" = "OFF"
    Info (12134): Parameter "indata_aclr_a" = "UNUSED"
    Info (12134): Parameter "indata_aclr_b" = "NONE"
    Info (12134): Parameter "indata_reg_b" = "CLOCK1"
    Info (12134): Parameter "init_file" = "../ROM_256_8.hex"
    Info (12134): Parameter "init_file_layout" = "PORT_A"
    Info (12134): Parameter "maximum_depth" = "0"
    Info (12134): Parameter "numwords_a" = "256"
    Info (12134): Parameter "numwords_b" = "0"
    Info (12134): Parameter "operation_mode" = "ROM"
    Info (12134): Parameter "outdata_aclr_a" = "NONE"
    Info (12134): Parameter "outdata_aclr_b" = "NONE"
    Info (12134): Parameter "outdata_reg_a" = "CLOCK0"
    Info (12134): Parameter "outdata_reg_b" = "UNREGISTERED"
    Info (12134): Parameter "power_up_uninitialized" = "FALSE"
    Info (12134): Parameter "ram_block_type" = "AUTO"
    Info (12134): Parameter "rdcontrol_aclr_b" = "NONE"
    Info (12134): Parameter "rdcontrol_reg_b" = "CLOCK1"
    Info (12134): Parameter "read_during_write_mode_mixed_ports" = "DONT_CARE"
    Info (12134): Parameter "read_during_write_mode_port_a" = "NEW_DATA_NO_NBE_READ"
    Info (12134): Parameter "read_during_write_mode_port_b" = "NEW_DATA_NO_NBE_READ"
    Info (12134): Parameter "stratixiv_m144k_allow_dual_clocks" = "ON"
    Info (12134): Parameter "width_a" = "8"
    Info (12134): Parameter "width_b" = "1"
    Info (12134): Parameter "width_byteena_a" = "1"
    Info (12134): Parameter "width_byteena_b" = "1"
    Info (12134): Parameter "width_eccstatus" = "3"
    Info (12134): Parameter "widthad_a" = "8"
    Info (12134): Parameter "widthad_b" = "1"
    Info (12134): Parameter "wrcontrol_aclr_a" = "UNUSED"
    Info (12134): Parameter "wrcontrol_aclr_b" = "NONE"
    Info (12134): Parameter "wrcontrol_wraddress_reg_b" = "CLOCK1"
    Info (12134): Parameter "lpm_hint" = "ENABLE_RUNTIME_MOD=NO"
    Info (12134): Parameter "lpm_type" = "altsyncram"
Info (12021): Found 1 design units, including 1 entities, in source file db/altsyncram_uoq3.tdf
    Info (12023): Found entity 1: altsyncram_uoq3 File: E:/Users/jhony/Documents/Jhony/Universidade/UTFPR/2024.1/Circuitos Digitais/Lab07/db/altsyncram_uoq3.tdf Line: 27
Info (12128): Elaborating entity "altsyncram_uoq3" for hierarchy "ROM_256_8:inst3|altsyncram:altsyncram_component|altsyncram_uoq3:auto_generated" File: f:/intelfpga_lite/18.1/quartus/libraries/megafunctions/altsyncram.tdf Line: 791
Info (12128): Elaborating entity "ROM_256_8_DECRESCENTE" for hierarchy "ROM_256_8_DECRESCENTE:inst4"
Info (12128): Elaborating entity "altsyncram" for hierarchy "ROM_256_8_DECRESCENTE:inst4|altsyncram:altsyncram_component" File: E:/Users/jhony/Documents/Jhony/Universidade/UTFPR/2024.1/Circuitos Digitais/Lab07/ROM_256_8_DECRESCENTE.vhd Line: 59
Info (12130): Elaborated megafunction instantiation "ROM_256_8_DECRESCENTE:inst4|altsyncram:altsyncram_component" File: E:/Users/jhony/Documents/Jhony/Universidade/UTFPR/2024.1/Circuitos Digitais/Lab07/ROM_256_8_DECRESCENTE.vhd Line: 59
Info (12133): Instantiated megafunction "ROM_256_8_DECRESCENTE:inst4|altsyncram:altsyncram_component" with the following parameter: File: E:/Users/jhony/Documents/Jhony/Universidade/UTFPR/2024.1/Circuitos Digitais/Lab07/ROM_256_8_DECRESCENTE.vhd Line: 59
    Info (12134): Parameter "address_aclr_a" = "NONE"
    Info (12134): Parameter "address_aclr_b" = "NONE"
    Info (12134): Parameter "address_reg_b" = "CLOCK1"
    Info (12134): Parameter "byte_size" = "8"
    Info (12134): Parameter "byteena_aclr_a" = "UNUSED"
    Info (12134): Parameter "byteena_aclr_b" = "NONE"
    Info (12134): Parameter "byteena_reg_b" = "CLOCK1"
    Info (12134): Parameter "clock_enable_core_a" = "USE_INPUT_CLKEN"
    Info (12134): Parameter "clock_enable_core_b" = "USE_INPUT_CLKEN"
    Info (12134): Parameter "clock_enable_input_a" = "BYPASS"
    Info (12134): Parameter "clock_enable_input_b" = "NORMAL"
    Info (12134): Parameter "clock_enable_output_a" = "BYPASS"
    Info (12134): Parameter "clock_enable_output_b" = "NORMAL"
    Info (12134): Parameter "intended_device_family" = "MAX 10"
    Info (12134): Parameter "ecc_pipeline_stage_enabled" = "FALSE"
    Info (12134): Parameter "enable_ecc" = "FALSE"
    Info (12134): Parameter "implement_in_les" = "OFF"
    Info (12134): Parameter "indata_aclr_a" = "UNUSED"
    Info (12134): Parameter "indata_aclr_b" = "NONE"
    Info (12134): Parameter "indata_reg_b" = "CLOCK1"
    Info (12134): Parameter "init_file" = "../ROM_256_8_DECRESCENTE.hex"
    Info (12134): Parameter "init_file_layout" = "PORT_A"
    Info (12134): Parameter "maximum_depth" = "0"
    Info (12134): Parameter "numwords_a" = "256"
    Info (12134): Parameter "numwords_b" = "0"
    Info (12134): Parameter "operation_mode" = "ROM"
    Info (12134): Parameter "outdata_aclr_a" = "NONE"
    Info (12134): Parameter "outdata_aclr_b" = "NONE"
    Info (12134): Parameter "outdata_reg_a" = "CLOCK0"
    Info (12134): Parameter "outdata_reg_b" = "UNREGISTERED"
    Info (12134): Parameter "power_up_uninitialized" = "FALSE"
    Info (12134): Parameter "ram_block_type" = "AUTO"
    Info (12134): Parameter "rdcontrol_aclr_b" = "NONE"
    Info (12134): Parameter "rdcontrol_reg_b" = "CLOCK1"
    Info (12134): Parameter "read_during_write_mode_mixed_ports" = "DONT_CARE"
    Info (12134): Parameter "read_during_write_mode_port_a" = "NEW_DATA_NO_NBE_READ"
    Info (12134): Parameter "read_during_write_mode_port_b" = "NEW_DATA_NO_NBE_READ"
    Info (12134): Parameter "stratixiv_m144k_allow_dual_clocks" = "ON"
    Info (12134): Parameter "width_a" = "8"
    Info (12134): Parameter "width_b" = "1"
    Info (12134): Parameter "width_byteena_a" = "1"
    Info (12134): Parameter "width_byteena_b" = "1"
    Info (12134): Parameter "width_eccstatus" = "3"
    Info (12134): Parameter "widthad_a" = "8"
    Info (12134): Parameter "widthad_b" = "1"
    Info (12134): Parameter "wrcontrol_aclr_a" = "UNUSED"
    Info (12134): Parameter "wrcontrol_aclr_b" = "NONE"
    Info (12134): Parameter "wrcontrol_wraddress_reg_b" = "CLOCK1"
    Info (12134): Parameter "lpm_hint" = "ENABLE_RUNTIME_MOD=NO"
    Info (12134): Parameter "lpm_type" = "altsyncram"
Info (12021): Found 1 design units, including 1 entities, in source file db/altsyncram_20s3.tdf
    Info (12023): Found entity 1: altsyncram_20s3 File: E:/Users/jhony/Documents/Jhony/Universidade/UTFPR/2024.1/Circuitos Digitais/Lab07/db/altsyncram_20s3.tdf Line: 27
Info (12128): Elaborating entity "altsyncram_20s3" for hierarchy "ROM_256_8_DECRESCENTE:inst4|altsyncram:altsyncram_component|altsyncram_20s3:auto_generated" File: f:/intelfpga_lite/18.1/quartus/libraries/megafunctions/altsyncram.tdf Line: 791
Warning (13024): Output pins are stuck at VCC or GND
    Warning (13410): Pin "LED3" is stuck at GND
    Warning (13410): Pin "LED4" is stuck at GND
    Warning (13410): Pin "LED5" is stuck at GND
    Warning (13410): Pin "LED6" is stuck at GND
    Warning (13410): Pin "LED7" is stuck at GND
    Warning (13410): Pin "LED8" is stuck at GND
Info (286030): Timing-Driven Synthesis is running
Info (16010): Generating hard_block partition "hard_block:auto_generated_inst"
    Info (16011): Adding 0 node(s), including 0 DDIO, 0 PLL, 0 transceiver and 0 LCELL
Info (21057): Implemented 262 device resources after synthesis - the final resource count might be different
    Info (21058): Implemented 2 input pins
    Info (21059): Implemented 45 output pins
    Info (21061): Implemented 199 logic cells
    Info (21064): Implemented 16 RAM segments
Info: Quartus Prime Analysis & Synthesis was successful. 0 errors, 16 warnings
    Info: Peak virtual memory: 4816 megabytes
    Info: Processing ended: Thu Jun 06 00:17:32 2024
    Info: Elapsed time: 00:00:14
    Info: Total CPU time (on all processors): 00:00:08


