------------------------------------------------------------
Timing Analyzer Summary
------------------------------------------------------------

Type  : Slow 1200mV 85C Model Setup 'BTN1'
Slack : -4.642
TNS   : -87.774

Type  : Slow 1200mV 85C Model Setup 'CLK'
Slack : -2.971
TNS   : -147.373

Type  : Slow 1200mV 85C Model Setup 'COUNTER_2_HEXA:inst8|count[7]'
Slack : -0.197
TNS   : -0.197

Type  : Slow 1200mV 85C Model Hold 'BTN1'
Slack : 0.348
TNS   : 0.000

Type  : Slow 1200mV 85C Model Hold 'CLK'
Slack : 0.378
TNS   : 0.000

Type  : Slow 1200mV 85C Model Hold 'COUNTER_2_HEXA:inst8|count[7]'
Slack : 0.795
TNS   : 0.000

Type  : Slow 1200mV 85C Model Recovery 'BTN1'
Slack : -2.222
TNS   : -2.222

Type  : Slow 1200mV 85C Model Removal 'BTN1'
Slack : -0.170
TNS   : -0.170

Type  : Slow 1200mV 85C Model Minimum Pulse Width 'CLK'
Slack : -3.000
TNS   : -94.195

Type  : Slow 1200mV 85C Model Minimum Pulse Width 'BTN1'
Slack : -3.000
TNS   : -75.040

Type  : Slow 1200mV 85C Model Minimum Pulse Width 'COUNTER_2_HEXA:inst8|count[7]'
Slack : -1.403
TNS   : -1.403

Type  : Slow 1200mV 0C Model Setup 'BTN1'
Slack : -4.176
TNS   : -79.222

Type  : Slow 1200mV 0C Model Setup 'CLK'
Slack : -2.592
TNS   : -128.216

Type  : Slow 1200mV 0C Model Setup 'COUNTER_2_HEXA:inst8|count[7]'
Slack : -0.100
TNS   : -0.100

Type  : Slow 1200mV 0C Model Hold 'BTN1'
Slack : 0.311
TNS   : 0.000

Type  : Slow 1200mV 0C Model Hold 'CLK'
Slack : 0.339
TNS   : 0.000

Type  : Slow 1200mV 0C Model Hold 'COUNTER_2_HEXA:inst8|count[7]'
Slack : 0.724
TNS   : 0.000

Type  : Slow 1200mV 0C Model Recovery 'BTN1'
Slack : -1.943
TNS   : -1.943

Type  : Slow 1200mV 0C Model Removal 'BTN1'
Slack : -0.165
TNS   : -0.165

Type  : Slow 1200mV 0C Model Minimum Pulse Width 'CLK'
Slack : -3.000
TNS   : -94.195

Type  : Slow 1200mV 0C Model Minimum Pulse Width 'BTN1'
Slack : -3.000
TNS   : -73.527

Type  : Slow 1200mV 0C Model Minimum Pulse Width 'COUNTER_2_HEXA:inst8|count[7]'
Slack : -1.403
TNS   : -1.403

Type  : Fast 1200mV 0C Model Setup 'BTN1'
Slack : -1.767
TNS   : -23.907

Type  : Fast 1200mV 0C Model Setup 'CLK'
Slack : -0.706
TNS   : -23.279

Type  : Fast 1200mV 0C Model Setup 'COUNTER_2_HEXA:inst8|count[7]'
Slack : 0.523
TNS   : 0.000

Type  : Fast 1200mV 0C Model Hold 'BTN1'
Slack : 0.152
TNS   : 0.000

Type  : Fast 1200mV 0C Model Hold 'CLK'
Slack : 0.166
TNS   : 0.000

Type  : Fast 1200mV 0C Model Hold 'COUNTER_2_HEXA:inst8|count[7]'
Slack : 0.322
TNS   : 0.000

Type  : Fast 1200mV 0C Model Recovery 'BTN1'
Slack : -0.706
TNS   : -0.706

Type  : Fast 1200mV 0C Model Removal 'BTN1'
Slack : -0.079
TNS   : -0.079

Type  : Fast 1200mV 0C Model Minimum Pulse Width 'CLK'
Slack : -3.000
TNS   : -69.907

Type  : Fast 1200mV 0C Model Minimum Pulse Width 'BTN1'
Slack : -3.000
TNS   : -45.489

Type  : Fast 1200mV 0C Model Minimum Pulse Width 'COUNTER_2_HEXA:inst8|count[7]'
Slack : -1.000
TNS   : -1.000

------------------------------------------------------------
